

================================================================
== Vitis HLS Report for 'conv1_pragma'
================================================================
* Date:           Mon Mar 16 13:32:26 2026

* Version:        2023.1 (Build 3854077 on May  4 2023)
* Project:        Lenet_RTL_test
* Solution:       solution1 (Vivado IP Flow Target)
* Product family: zynq
* Target device:  xc7z010-clg400-1


================================================================
== Performance Estimates
================================================================
+ Timing: 
    * Summary: 
    +--------+----------+----------+------------+
    |  Clock |  Target  | Estimated| Uncertainty|
    +--------+----------+----------+------------+
    |ap_clk  |  10.00 ns|  6.765 ns|     2.70 ns|
    +--------+----------+----------+------------+

+ Latency: 
    * Summary: 
    +---------+---------+----------+----------+-------+-------+---------+
    |  Latency (cycles) |  Latency (absolute) |    Interval   | Pipeline|
    |   min   |   max   |    min   |    max   |  min  |  max  |   Type  |
    +---------+---------+----------+----------+-------+-------+---------+
    |    17671|    17671|  0.177 ms|  0.177 ms|  17671|  17671|       no|
    +---------+---------+----------+----------+-------+-------+---------+

    + Detail: 
        * Instance: 
        +--------------------------------------------------------------------+---------------------------------------------------------+---------+---------+-----------+-----------+------+------+---------+
        |                                                                    |                                                         |  Latency (cycles) |   Latency (absolute)  |   Interval  | Pipeline|
        |                              Instance                              |                          Module                         |   min   |   max   |    min    |    max    |  min |  max |   Type  |
        +--------------------------------------------------------------------+---------------------------------------------------------+---------+---------+-----------+-----------+------+------+---------+
        |grp_conv1_pragma_Pipeline_VITIS_LOOP_118_2_VITIS_LOOP_119_3_fu_445  |conv1_pragma_Pipeline_VITIS_LOOP_118_2_VITIS_LOOP_119_3  |     5887|     5887|  58.870 us|  58.870 us|  5887|  5887|       no|
        +--------------------------------------------------------------------+---------------------------------------------------------+---------+---------+-----------+-----------+------+------+---------+

        * Loop: 
        +--------------------+---------+---------+----------+-----------+-----------+------+----------+
        |                    |  Latency (cycles) | Iteration|  Initiation Interval  | Trip |          |
        |      Loop Name     |   min   |   max   |  Latency |  achieved |   target  | Count| Pipelined|
        +--------------------+---------+---------+----------+-----------+-----------+------+----------+
        |- VITIS_LOOP_117_1  |    17670|    17670|      5890|          -|          -|     3|        no|
        +--------------------+---------+---------+----------+-----------+-----------+------+----------+



================================================================
== Utilization Estimates
================================================================
* Summary: 
+-----------------+---------+----+-------+-------+-----+
|       Name      | BRAM_18K| DSP|   FF  |  LUT  | URAM|
+-----------------+---------+----+-------+-------+-----+
|DSP              |        -|   -|      -|      -|    -|
|Expression       |        -|   -|      0|     34|    -|
|FIFO             |        -|   -|      -|      -|    -|
|Instance         |        -|  32|   1178|   2018|    -|
|Memory           |        0|   -|    189|     25|    -|
|Multiplexer      |        -|   -|      -|     34|    -|
|Register         |        -|   -|    219|      -|    -|
+-----------------+---------+----+-------+-------+-----+
|Total            |        0|  32|   1586|   2111|    0|
+-----------------+---------+----+-------+-------+-----+
|Available        |      120|  80|  35200|  17600|    0|
+-----------------+---------+----+-------+-------+-----+
|Utilization (%)  |        0|  40|      4|     11|    0|
+-----------------+---------+----+-------+-------+-----+

+ Detail: 
    * Instance: 
    +--------------------------------------------------------------------+---------------------------------------------------------+---------+----+------+------+-----+
    |                              Instance                              |                          Module                         | BRAM_18K| DSP|  FF  |  LUT | URAM|
    +--------------------------------------------------------------------+---------------------------------------------------------+---------+----+------+------+-----+
    |grp_conv1_pragma_Pipeline_VITIS_LOOP_118_2_VITIS_LOOP_119_3_fu_445  |conv1_pragma_Pipeline_VITIS_LOOP_118_2_VITIS_LOOP_119_3  |        0|  32|  1178|  1998|    0|
    |mux_4_2_15_1_1_U96                                                  |mux_4_2_15_1_1                                           |        0|   0|     0|    20|    0|
    +--------------------------------------------------------------------+---------------------------------------------------------+---------+----+------+------+-----+
    |Total                                                               |                                                         |        0|  32|  1178|  2018|    0|
    +--------------------------------------------------------------------+---------------------------------------------------------+---------+----+------+------+-----+

    * DSP: 
    N/A

    * Memory: 
    +--------------------+-------------------------------------------+---------+---+----+-----+------+-----+------+-------------+
    |       Memory       |                   Module                  | BRAM_18K| FF| LUT| URAM| Words| Bits| Banks| W*Bits*Banks|
    +--------------------+-------------------------------------------+---------+---+----+-----+------+-----+------+-------------+
    |LENET_C1_W_0_0_0_U  |conv1_pragma_LENET_C1_W_0_0_0_ROM_AUTO_1R  |        0|  7|   1|    0|     3|    7|     1|           21|
    |LENET_C1_W_0_0_1_U  |conv1_pragma_LENET_C1_W_0_0_1_ROM_AUTO_1R  |        0|  7|   1|    0|     3|    7|     1|           21|
    |LENET_C1_W_0_0_2_U  |conv1_pragma_LENET_C1_W_0_0_2_ROM_AUTO_1R  |        0|  8|   1|    0|     3|    8|     1|           24|
    |LENET_C1_W_0_0_3_U  |conv1_pragma_LENET_C1_W_0_0_3_ROM_AUTO_1R  |        0|  7|   1|    0|     3|    7|     1|           21|
    |LENET_C1_W_0_0_4_U  |conv1_pragma_LENET_C1_W_0_0_4_ROM_AUTO_1R  |        0|  8|   1|    0|     3|    8|     1|           24|
    |LENET_C1_W_0_1_0_U  |conv1_pragma_LENET_C1_W_0_1_0_ROM_AUTO_1R  |        0|  7|   1|    0|     3|    7|     1|           21|
    |LENET_C1_W_0_1_1_U  |conv1_pragma_LENET_C1_W_0_1_1_ROM_AUTO_1R  |        0|  6|   1|    0|     3|    6|     1|           18|
    |LENET_C1_W_0_1_2_U  |conv1_pragma_LENET_C1_W_0_1_2_ROM_AUTO_1R  |        0|  7|   1|    0|     3|    7|     1|           21|
    |LENET_C1_W_0_1_3_U  |conv1_pragma_LENET_C1_W_0_1_3_ROM_AUTO_1R  |        0|  8|   1|    0|     3|    8|     1|           24|
    |LENET_C1_W_0_1_4_U  |conv1_pragma_LENET_C1_W_0_1_4_ROM_AUTO_1R  |        0|  8|   1|    0|     3|    8|     1|           24|
    |LENET_C1_W_0_2_0_U  |conv1_pragma_LENET_C1_W_0_2_0_ROM_AUTO_1R  |        0|  7|   1|    0|     3|    7|     1|           21|
    |LENET_C1_W_0_2_1_U  |conv1_pragma_LENET_C1_W_0_2_1_ROM_AUTO_1R  |        0|  7|   1|    0|     3|    7|     1|           21|
    |LENET_C1_W_0_2_2_U  |conv1_pragma_LENET_C1_W_0_2_2_ROM_AUTO_1R  |        0|  8|   1|    0|     3|    8|     1|           24|
    |LENET_C1_W_0_2_3_U  |conv1_pragma_LENET_C1_W_0_2_3_ROM_AUTO_1R  |        0|  8|   1|    0|     3|    8|     1|           24|
    |LENET_C1_W_0_2_4_U  |conv1_pragma_LENET_C1_W_0_2_4_ROM_AUTO_1R  |        0|  8|   1|    0|     3|    8|     1|           24|
    |LENET_C1_W_0_3_0_U  |conv1_pragma_LENET_C1_W_0_3_0_ROM_AUTO_1R  |        0|  7|   1|    0|     3|    7|     1|           21|
    |LENET_C1_W_0_3_1_U  |conv1_pragma_LENET_C1_W_0_3_1_ROM_AUTO_1R  |        0|  8|   1|    0|     3|    8|     1|           24|
    |LENET_C1_W_0_3_2_U  |conv1_pragma_LENET_C1_W_0_3_2_ROM_AUTO_1R  |        0|  8|   1|    0|     3|    8|     1|           24|
    |LENET_C1_W_0_3_3_U  |conv1_pragma_LENET_C1_W_0_3_3_ROM_AUTO_1R  |        0|  8|   1|    0|     3|    8|     1|           24|
    |LENET_C1_W_0_3_4_U  |conv1_pragma_LENET_C1_W_0_3_4_ROM_AUTO_1R  |        0|  8|   1|    0|     3|    8|     1|           24|
    |LENET_C1_W_0_4_0_U  |conv1_pragma_LENET_C1_W_0_4_0_ROM_AUTO_1R  |        0|  8|   1|    0|     3|    8|     1|           24|
    |LENET_C1_W_0_4_1_U  |conv1_pragma_LENET_C1_W_0_4_1_ROM_AUTO_1R  |        0|  8|   1|    0|     3|    8|     1|           24|
    |LENET_C1_W_0_4_2_U  |conv1_pragma_LENET_C1_W_0_4_2_ROM_AUTO_1R  |        0|  7|   1|    0|     3|    7|     1|           21|
    |LENET_C1_W_0_4_3_U  |conv1_pragma_LENET_C1_W_0_4_3_ROM_AUTO_1R  |        0|  8|   1|    0|     3|    8|     1|           24|
    |LENET_C1_W_0_4_4_U  |conv1_pragma_LENET_C1_W_0_4_4_ROM_AUTO_1R  |        0|  8|   1|    0|     3|    8|     1|           24|
    +--------------------+-------------------------------------------+---------+---+----+-----+------+-----+------+-------------+
    |Total               |                                           |        0|189|  25|    0|    75|  189|    25|          567|
    +--------------------+-------------------------------------------+---------+---+----+-----+------+-----+------+-------------+

    * FIFO: 
    N/A

    * Expression: 
    +----------------------+----------+----+---+----+------------+------------+
    |     Variable Name    | Operation| DSP| FF| LUT| Bitwidth P0| Bitwidth P1|
    +----------------------+----------+----+---+----+------------+------------+
    |add_ln117_fu_521_p2   |         +|   0|  0|  10|           2|           1|
    |sub_ln131_fu_583_p2   |         -|   0|  0|  14|           7|           7|
    |icmp_ln117_fu_515_p2  |      icmp|   0|  0|  10|           2|           2|
    +----------------------+----------+----+---+----+------------+------------+
    |Total                 |          |   0|  0|  34|          11|          10|
    +----------------------+----------+----+---+----+------------+------------+

    * Multiplexer: 
    +-----------+----+-----------+-----+-----------+
    |    Name   | LUT| Input Size| Bits| Total Bits|
    +-----------+----+-----------+-----+-----------+
    |ap_NS_fsm  |  25|          5|    1|          5|
    |oc_fu_116  |   9|          2|    2|          4|
    +-----------+----+-----------+-----+-----------+
    |Total      |  34|          7|    3|          9|
    +-----------+----+-----------+-----+-----------+

    * Register: 
    +---------------------------------------------------------------------------------+----+----+-----+-----------+
    |                                       Name                                      | FF | LUT| Bits| Const Bits|
    +---------------------------------------------------------------------------------+----+----+-----+-----------+
    |LENET_C1_W_0_0_0_load_reg_756                                                    |   7|   0|    7|          0|
    |LENET_C1_W_0_0_1_load_reg_761                                                    |   7|   0|    7|          0|
    |LENET_C1_W_0_0_2_load_reg_766                                                    |   8|   0|    8|          0|
    |LENET_C1_W_0_0_3_load_reg_771                                                    |   7|   0|    7|          0|
    |LENET_C1_W_0_0_4_load_reg_776                                                    |   8|   0|    8|          0|
    |LENET_C1_W_0_1_0_load_reg_781                                                    |   7|   0|    7|          0|
    |LENET_C1_W_0_1_1_load_reg_786                                                    |   6|   0|    6|          0|
    |LENET_C1_W_0_1_2_load_reg_791                                                    |   7|   0|    7|          0|
    |LENET_C1_W_0_1_3_load_reg_796                                                    |   8|   0|    8|          0|
    |LENET_C1_W_0_1_4_load_reg_801                                                    |   8|   0|    8|          0|
    |LENET_C1_W_0_2_0_load_reg_806                                                    |   7|   0|    7|          0|
    |LENET_C1_W_0_2_1_load_reg_811                                                    |   7|   0|    7|          0|
    |LENET_C1_W_0_2_2_load_reg_816                                                    |   8|   0|    8|          0|
    |LENET_C1_W_0_2_3_load_reg_821                                                    |   8|   0|    8|          0|
    |LENET_C1_W_0_2_4_load_reg_826                                                    |   8|   0|    8|          0|
    |LENET_C1_W_0_3_0_load_reg_831                                                    |   7|   0|    7|          0|
    |LENET_C1_W_0_3_1_load_reg_836                                                    |   8|   0|    8|          0|
    |LENET_C1_W_0_3_2_load_reg_841                                                    |   8|   0|    8|          0|
    |LENET_C1_W_0_3_3_load_reg_846                                                    |   8|   0|    8|          0|
    |LENET_C1_W_0_3_4_load_reg_851                                                    |   8|   0|    8|          0|
    |LENET_C1_W_0_4_0_load_reg_856                                                    |   8|   0|    8|          0|
    |LENET_C1_W_0_4_1_load_reg_861                                                    |   8|   0|    8|          0|
    |LENET_C1_W_0_4_2_load_reg_866                                                    |   7|   0|    7|          0|
    |LENET_C1_W_0_4_3_load_reg_871                                                    |   8|   0|    8|          0|
    |LENET_C1_W_0_4_4_load_reg_876                                                    |   8|   0|    8|          0|
    |acc_reg_751                                                                      |  15|   0|   15|          0|
    |ap_CS_fsm                                                                        |   4|   0|    4|          0|
    |grp_conv1_pragma_Pipeline_VITIS_LOOP_118_2_VITIS_LOOP_119_3_fu_445_ap_start_reg  |   1|   0|    1|          0|
    |oc_1_reg_611                                                                     |   2|   0|    2|          0|
    |oc_fu_116                                                                        |   2|   0|    2|          0|
    |sub_ln131_reg_746                                                                |   6|   0|    7|          1|
    +---------------------------------------------------------------------------------+----+----+-----+-----------+
    |Total                                                                            | 219|   0|  220|          1|
    +---------------------------------------------------------------------------------+----+----+-----+-----------+



================================================================
== Interface
================================================================
* Summary: 
+--------------+-----+-----+------------+--------------+--------------+
|   RTL Ports  | Dir | Bits|  Protocol  | Source Object|    C Type    |
+--------------+-----+-----+------------+--------------+--------------+
|ap_clk        |   in|    1|  ap_ctrl_hs|  conv1_pragma|  return value|
|ap_rst        |   in|    1|  ap_ctrl_hs|  conv1_pragma|  return value|
|ap_start      |   in|    1|  ap_ctrl_hs|  conv1_pragma|  return value|
|ap_done       |  out|    1|  ap_ctrl_hs|  conv1_pragma|  return value|
|ap_idle       |  out|    1|  ap_ctrl_hs|  conv1_pragma|  return value|
|ap_ready      |  out|    1|  ap_ctrl_hs|  conv1_pragma|  return value|
|x_address0    |  out|   10|   ap_memory|             x|         array|
|x_ce0         |  out|    1|   ap_memory|             x|         array|
|x_q0          |   in|    8|   ap_memory|             x|         array|
|x_address1    |  out|   10|   ap_memory|             x|         array|
|x_ce1         |  out|    1|   ap_memory|             x|         array|
|x_q1          |   in|    8|   ap_memory|             x|         array|
|y_0_address1  |  out|   11|   ap_memory|           y_0|         array|
|y_0_ce1       |  out|    1|   ap_memory|           y_0|         array|
|y_0_we1       |  out|    1|   ap_memory|           y_0|         array|
|y_0_d1        |  out|    8|   ap_memory|           y_0|         array|
|y_1_address1  |  out|   11|   ap_memory|           y_1|         array|
|y_1_ce1       |  out|    1|   ap_memory|           y_1|         array|
|y_1_we1       |  out|    1|   ap_memory|           y_1|         array|
|y_1_d1        |  out|    8|   ap_memory|           y_1|         array|
+--------------+-----+-----+------------+--------------+--------------+

