

================================================================
== Synthesis Summary Report of 'top_A'
================================================================
+ General Information: 
    * Date:           Mon Mar 16 13:32:33 2026
    * Version:        2023.1 (Build 3854077 on May  4 2023)
    * Project:        Lenet_RTL_test
    * Solution:       solution1 (Vivado IP Flow Target)
    * Product family: zynq
    * Target device:  xc7z010-clg400-1
    

+ Performance & Resource Estimates: 
    
    PS: '+' for module; 'o' for loop; '*' for dataflow
    +--------------------------------------------------------------+------+------+---------+-----------+----------+---------+------+----------+--------+----------+-----------+------------+-----+
    |                            Modules                           | Issue|      | Latency |  Latency  | Iteration|         | Trip |          |        |          |           |            |     |
    |                            & Loops                           | Type | Slack| (cycles)|    (ns)   |  Latency | Interval| Count| Pipelined|  BRAM  |    DSP   |     FF    |     LUT    | URAM|
    +--------------------------------------------------------------+------+------+---------+-----------+----------+---------+------+----------+--------+----------+-----------+------------+-----+
    |+ top_A                                                       |     -|  0.24|    18852|  1.885e+05|         -|    18853|     -|        no|  2 (1%)|  32 (40%)|  1669 (4%)|  2564 (14%)|    -|
    | + conv1_pragma                                               |     -|  0.54|    17671|  1.767e+05|         -|    17671|     -|        no|       -|  32 (40%)|  1586 (4%)|  2111 (11%)|    -|
    |  o VITIS_LOOP_117_1                                          |     -|  7.30|    17670|  1.767e+05|      5890|        -|     3|        no|       -|         -|          -|           -|    -|
    |   + conv1_pragma_Pipeline_VITIS_LOOP_118_2_VITIS_LOOP_119_3  |     -|  0.54|     5887|  5.887e+04|         -|     5887|     -|        no|       -|  32 (40%)|  1178 (3%)|  1998 (11%)|    -|
    |    o VITIS_LOOP_118_2_VITIS_LOOP_119_3                       |    II|  7.30|     5885|  5.885e+04|        21|       15|   392|       yes|       -|         -|          -|           -|    -|
    | o VITIS_LOOP_140_1_VITIS_LOOP_141_2_VITIS_LOOP_142_3         |     -|  7.30|     1178|  1.178e+04|         5|        2|   588|       yes|       -|         -|          -|           -|    -|
    +--------------------------------------------------------------+------+------+---------+-----------+----------+---------+------+----------+--------+----------+-----------+------------+-----+


================================================================
== HW Interfaces
================================================================
* AP_MEMORY
+-------------+-----------+----------+
| Port        | Direction | Bitwidth |
+-------------+-----------+----------+
| p1_address0 | out       | 10       |
| p1_d0       | out       | 8        |
| x_address0  | out       | 10       |
| x_address1  | out       | 10       |
| x_q0        | in        | 8        |
| x_q1        | in        | 8        |
+-------------+-----------+----------+

* TOP LEVEL CONTROL
+-----------+------------+-----------------------------------+
| Interface | Type       | Ports                             |
+-----------+------------+-----------------------------------+
| ap_clk    | clock      | ap_clk                            |
| ap_rst    | reset      | ap_rst                            |
| ap_ctrl   | ap_ctrl_hs | ap_done ap_idle ap_ready ap_start |
+-----------+------------+-----------------------------------+


================================================================
== SW I/O Information
================================================================
* Top Function Arguments
+----------+-----------+-----------------------+
| Argument | Direction | Datatype              |
+----------+-----------+-----------------------+
| x        | in        | unsigned char const * |
| p1       | out       | unsigned char*        |
+----------+-----------+-----------------------+

* SW-to-HW Mapping
+----------+--------------+---------+----------+
| Argument | HW Interface | HW Type | HW Usage |
+----------+--------------+---------+----------+
| x        | x_address0   | port    | offset   |
| x        | x_ce0        | port    |          |
| x        | x_q0         | port    |          |
| x        | x_address1   | port    | offset   |
| x        | x_ce1        | port    |          |
| x        | x_q1         | port    |          |
| p1       | p1_address0  | port    | offset   |
| p1       | p1_ce0       | port    |          |
| p1       | p1_we0       | port    |          |
| p1       | p1_d0        | port    |          |
+----------+--------------+---------+----------+


================================================================
== Bind Op Report
================================================================
+-------------------------------------------------------------+-----+--------+-------------------------+-----+--------+---------+
| Name                                                        | DSP | Pragma | Variable                | Op  | Impl   | Latency |
+-------------------------------------------------------------+-----+--------+-------------------------+-----+--------+---------+
| + top_A                                                     | 32  |        |                         |     |        |         |
|   add_ln140_1_fu_327_p2                                     | -   |        | add_ln140_1             | add | fabric | 0       |
|   add_ln140_fu_375_p2                                       | -   |        | add_ln140               | add | fabric | 0       |
|   sub_ln150_fu_419_p2                                       | -   |        | sub_ln150               | sub | fabric | 0       |
|   add_ln141_fu_446_p2                                       | -   |        | add_ln141               | add | fabric | 0       |
|   add_ln150_fu_477_p2                                       | -   |        | add_ln150               | add | fabric | 0       |
|   sub_ln146_fu_550_p2                                       | -   |        | sub_ln146               | sub | fabric | 0       |
|   add_ln146_fu_576_p2                                       | -   |        | add_ln146               | add | fabric | 0       |
|   add_ln146_1_fu_598_p2                                     | -   |        | add_ln146_1             | add | fabric | 0       |
|   add_ln142_fu_487_p2                                       | -   |        | add_ln142               | add | fabric | 0       |
|   add_ln141_1_fu_342_p2                                     | -   |        | add_ln141_1             | add | fabric | 0       |
|  + conv1_pragma                                             | 32  |        |                         |     |        |         |
|    add_ln117_fu_521_p2                                      | -   |        | add_ln117               | add | fabric | 0       |
|    sub_ln131_fu_583_p2                                      | -   |        | sub_ln131               | sub | fabric | 0       |
|   + conv1_pragma_Pipeline_VITIS_LOOP_118_2_VITIS_LOOP_119_3 | 32  |        |                         |     |        |         |
|     add_ln118_3_fu_792_p2                                   | -   |        | add_ln118_3             | add | fabric | 0       |
|     indvars_iv_next1324_fu_818_p2                           | -   |        | indvars_iv_next1324     | add | fabric | 0       |
|     add_ln131_fu_1781_p2                                    | -   |        | add_ln131               | add | fabric | 0       |
|     sub_ln131_1_fu_1810_p2                                  | -   |        | sub_ln131_1             | sub | fabric | 0       |
|     indvars_iv_next132_mid1_fu_846_p2                       | -   |        | indvars_iv_next132_mid1 | add | fabric | 0       |
|     add_ln118_fu_909_p2                                     | -   |        | add_ln118               | add | fabric | 0       |
|     add_ln118_1_fu_921_p2                                   | -   |        | add_ln118_1             | add | fabric | 0       |
|     add_ln118_2_fu_933_p2                                   | -   |        | add_ln118_2             | add | fabric | 0       |
|     add_ln131_1_fu_1938_p2                                  | -   |        | add_ln131_1             | add | fabric | 0       |
|     add_ln131_2_fu_1952_p2                                  | -   |        | add_ln131_2             | add | fabric | 0       |
|     add_ln126_fu_966_p2                                     | -   |        | add_ln126               | add | fabric | 0       |
|     add_ln126_1_fu_983_p2                                   | -   |        | add_ln126_1             | add | fabric | 0       |
|     add_ln126_2_fu_1033_p2                                  | -   |        | add_ln126_2             | add | fabric | 0       |
|     mac_muladd_8ns_8s_17s_18_4_1_U31                        | 1   |        | mul_ln85                | mul | dsp48  | 3       |
|     mul_8ns_8s_16_1_1_U9                                    | -   |        | mul_ln85_1              | mul | auto   | 0       |
|     mac_muladd_8ns_7s_16s_17_4_1_U42                        | 1   |        | mul_ln85_2              | mul | dsp48  | 3       |
|     mul_8ns_7ns_15_1_1_U7                                   | -   |        | mul_ln85_3              | mul | auto   | 0       |
|     mul_8ns_8s_16_1_1_U3                                    | -   |        | mul_ln85_4              | mul | auto   | 0       |
|     mul_8ns_8s_16_1_1_U10                                   | -   |        | mul_ln85_5              | mul | auto   | 0       |
|     mac_muladd_8ns_8s_17s_18_4_1_U39                        | 1   |        | mul_ln85_6              | mul | dsp48  | 3       |
|     mac_muladd_8ns_6ns_15ns_16_4_1_U32                      | 1   |        | mul_ln85_7              | mul | dsp48  | 3       |
|     mac_muladd_8ns_7ns_17s_18_4_1_U28                       | 1   |        | mul_ln85_8              | mul | dsp48  | 3       |
|     mul_8ns_8s_16_1_1_U11                                   | -   |        | mul_ln85_9              | mul | auto   | 0       |
|     mul_8ns_8s_16_1_1_U13                                   | -   |        | mul_ln85_10             | mul | auto   | 0       |
|     mac_muladd_8ns_7ns_16s_17_4_1_U34                       | 1   |        | mul_ln85_11             | mul | dsp48  | 3       |
|     mac_muladd_8ns_7ns_16ns_16_4_1_U35                      | 1   |        | mul_ln85_12             | mul | dsp48  | 3       |
|     mac_muladd_8ns_8s_16s_16_4_1_U40                        | 1   |        | mul_ln85_13             | mul | dsp48  | 3       |
|     mac_muladd_8ns_7ns_15s_17_4_1_U19                       | 1   |        | mul_ln85_14             | mul | dsp48  | 3       |
|     mul_8ns_8s_16_1_1_U4                                    | -   |        | mul_ln85_15             | mul | auto   | 0       |
|     mac_muladd_8ns_8s_16s_17_4_1_U25                        | 1   |        | mul_ln85_16             | mul | dsp48  | 3       |
|     mac_muladd_8ns_7ns_16s_17_4_1_U20                       | 1   |        | mul_ln85_17             | mul | dsp48  | 3       |
|     mac_muladd_8ns_7ns_16s_17_4_1_U29                       | 1   |        | mul_ln85_18             | mul | dsp48  | 3       |
|     mac_muladd_8ns_7ns_16s_17_4_1_U30                       | 1   |        | mul_ln85_19             | mul | dsp48  | 3       |
|     mul_8ns_8s_16_1_1_U6                                    | -   |        | mul_ln85_20             | mul | auto   | 0       |
|     mac_muladd_8ns_8s_16s_17_4_1_U45                        | 1   |        | mul_ln85_21             | mul | dsp48  | 3       |
|     mac_muladd_8ns_8s_17s_18_4_1_U22                        | 1   |        | mul_ln85_22             | mul | dsp48  | 3       |
|     mul_8ns_8s_16_1_1_U5                                    | -   |        | mul_ln85_23             | mul | auto   | 0       |
|     mac_muladd_8ns_8s_16s_17_4_1_U37                        | 1   |        | mul_ln85_24             | mul | dsp48  | 3       |
|     mac_muladd_8ns_8s_16s_16_4_1_U40                        | 1   |        | add_ln85                | add | dsp48  | 3       |
|     mac_muladd_8ns_7s_16s_17_4_1_U42                        | 1   |        | add_ln85_1              | add | dsp48  | 3       |
|     mac_muladd_8ns_8s_16s_17_4_1_U25                        | 1   |        | add_ln85_2              | add | dsp48  | 3       |
|     mac_muladd_8ns_8s_17s_18_4_1_U31                        | 1   |        | add_ln85_3              | add | dsp48  | 3       |
|     add_ln85_4_fu_1679_p2                                   | -   |        | add_ln85_4              | add | fabric | 0       |
|     mac_muladd_8ns_7ns_16s_17_4_1_U34                       | 1   |        | add_ln85_5              | add | dsp48  | 3       |
|     mac_muladd_8ns_8s_17s_18_4_1_U39                        | 1   |        | add_ln85_6              | add | dsp48  | 3       |
|     mac_muladd_8ns_8s_16s_17_4_1_U45                        | 1   |        | add_ln85_7              | add | dsp48  | 3       |
|     mac_muladd_8ns_7ns_16s_17_4_1_U30                       | 1   |        | add_ln85_8              | add | dsp48  | 3       |
|     add_ln85_9_fu_1731_p2                                   | -   |        | add_ln85_9              | add | fabric | 0       |
|     add_ln85_10_fu_1741_p2                                  | -   |        | add_ln85_10             | add | fabric | 0       |
|     add_ln85_11_fu_1822_p2                                  | -   |        | add_ln85_11             | add | fabric | 0       |
|     mac_muladd_8ns_7ns_15s_17_4_1_U19                       | 1   |        | add_ln85_12             | add | dsp48  | 3       |
|     mac_muladd_8ns_7ns_17s_18_4_1_U28                       | 1   |        | add_ln85_13             | add | dsp48  | 3       |
|     mac_muladd_8ns_7ns_16s_17_4_1_U20                       | 1   |        | add_ln85_14             | add | dsp48  | 3       |
|     mac_muladd_8ns_8s_17s_18_4_1_U22                        | 1   |        | add_ln85_15             | add | dsp48  | 3       |
|     add_ln85_16_fu_1370_p2                                  | -   |        | add_ln85_16             | add | fabric | 0       |
|     mac_muladd_8ns_6ns_15ns_16_4_1_U32                      | 1   |        | add_ln85_17             | add | dsp48  | 3       |
|     mac_muladd_8ns_7ns_16ns_16_4_1_U35                      | 1   |        | add_ln85_18             | add | dsp48  | 3       |
|     mac_muladd_8ns_7ns_16s_17_4_1_U29                       | 1   |        | add_ln85_19             | add | dsp48  | 3       |
|     mac_muladd_8ns_8s_16s_17_4_1_U37                        | 1   |        | add_ln85_20             | add | dsp48  | 3       |
|     add_ln85_21_fu_1585_p2                                  | -   |        | add_ln85_21             | add | fabric | 0       |
|     add_ln85_22_fu_1595_p2                                  | -   |        | add_ln85_22             | add | fabric | 0       |
|     add_ln85_23_fu_1643_p2                                  | -   |        | add_ln85_23             | add | fabric | 0       |
|     add_ln85_24_fu_1835_p2                                  | -   |        | add_ln85_24             | add | fabric | 0       |
|     sub_ln85_fu_1861_p2                                     | -   |        | sub_ln85                | sub | fabric | 0       |
|     add_ln126_3_fu_1140_p2                                  | -   |        | add_ln126_3             | add | fabric | 0       |
|     add_ln126_4_fu_1513_p2                                  | -   |        | add_ln126_4             | add | fabric | 0       |
|     add_ln126_5_fu_1150_p2                                  | -   |        | add_ln126_5             | add | fabric | 0       |
|     add_ln126_6_fu_1523_p2                                  | -   |        | add_ln126_6             | add | fabric | 0       |
|     add_ln126_7_fu_1601_p2                                  | -   |        | add_ln126_7             | add | fabric | 0       |
|     add_ln126_8_fu_1611_p2                                  | -   |        | add_ln126_8             | add | fabric | 0       |
|     mul_8ns_8s_16_1_1_U2                                    | -   |        | mul_ln85_25             | mul | auto   | 0       |
|     mul_8ns_8s_16_1_1_U12                                   | -   |        | mul_ln85_26             | mul | auto   | 0       |
|     mac_muladd_8ns_7s_17s_17_4_1_U48                        | 1   |        | mul_ln85_27             | mul | dsp48  | 3       |
|     mac_muladd_8ns_7ns_16s_17_4_1_U33                       | 1   |        | mul_ln85_28             | mul | dsp48  | 3       |
|     mul_8ns_8s_16_1_1_U8                                    | -   |        | mul_ln85_29             | mul | auto   | 0       |
|     mul_8ns_8s_16_1_1_U15                                   | -   |        | mul_ln85_30             | mul | auto   | 0       |
|     mac_muladd_8ns_8s_16s_17_4_1_U26                        | 1   |        | mul_ln85_31             | mul | dsp48  | 3       |
|     mac_muladd_8ns_6ns_17s_17_4_1_U36                       | 1   |        | mul_ln85_32             | mul | dsp48  | 3       |
|     mac_muladd_8ns_7ns_17s_18_4_1_U23                       | 1   |        | mul_ln85_33             | mul | dsp48  | 3       |
|     mac_muladd_8ns_8s_16s_17_4_1_U46                        | 1   |        | mul_ln85_34             | mul | dsp48  | 3       |
|     mac_muladd_8ns_8s_16s_16_4_1_U41                        | 1   |        | mul_ln85_35             | mul | dsp48  | 3       |
|     mac_muladd_8ns_7ns_16s_17_4_1_U47                       | 1   |        | mul_ln85_36             | mul | dsp48  | 3       |
|     mul_8ns_7ns_15_1_1_U1                                   | -   |        | mul_ln85_37             | mul | auto   | 0       |
|     mul_8ns_8s_16_1_1_U14                                   | -   |        | mul_ln85_38             | mul | auto   | 0       |
|     mac_muladd_8ns_7ns_15s_17_4_1_U21                       | 1   |        | mul_ln85_39             | mul | dsp48  | 3       |
|     mac_muladd_8ns_8s_16s_17_4_1_U49                        | 1   |        | mul_ln85_40             | mul | dsp48  | 3       |
|     mul_8ns_8s_16_1_1_U17                                   | -   |        | mul_ln85_41             | mul | auto   | 0       |
|     mac_muladd_8ns_7ns_15ns_16_4_1_U24                      | 1   |        | mul_ln85_42             | mul | dsp48  | 3       |
|     mac_muladd_8ns_7ns_16s_17_4_1_U43                       | 1   |        | mul_ln85_43             | mul | dsp48  | 3       |
|     mac_muladd_8ns_7ns_16s_17_4_1_U44                       | 1   |        | mul_ln85_44             | mul | dsp48  | 3       |
|     mac_muladd_8ns_8s_16s_17_4_1_U38                        | 1   |        | mul_ln85_45             | mul | dsp48  | 3       |
|     mac_muladd_8ns_8s_17s_18_4_1_U50                        | 1   |        | mul_ln85_46             | mul | dsp48  | 3       |
|     mac_muladd_8ns_8s_16ns_17_4_1_U27                       | 1   |        | mul_ln85_47             | mul | dsp48  | 3       |
|     mul_8ns_8s_16_1_1_U16                                   | -   |        | mul_ln85_48             | mul | auto   | 0       |
|     mul_8ns_8s_16_1_1_U18                                   | -   |        | mul_ln85_49             | mul | auto   | 0       |
|     mac_muladd_8ns_8s_16s_17_4_1_U46                        | 1   |        | add_ln85_25             | add | dsp48  | 3       |
|     mac_muladd_8ns_8s_17s_18_4_1_U50                        | 1   |        | add_ln85_26             | add | dsp48  | 3       |
|     mac_muladd_8ns_8s_16s_16_4_1_U41                        | 1   |        | add_ln85_27             | add | dsp48  | 3       |
|     mac_muladd_8ns_8s_16s_17_4_1_U49                        | 1   |        | add_ln85_28             | add | dsp48  | 3       |
|     add_ln85_29_fu_1891_p2                                  | -   |        | add_ln85_29             | add | fabric | 0       |
|     mac_muladd_8ns_8s_16s_17_4_1_U38                        | 1   |        | add_ln85_30             | add | dsp48  | 3       |
|     mac_muladd_8ns_7s_17s_17_4_1_U48                        | 1   |        | add_ln85_31             | add | dsp48  | 3       |
|     mac_muladd_8ns_7ns_16s_17_4_1_U44                       | 1   |        | add_ln85_32             | add | dsp48  | 3       |
|     mac_muladd_8ns_8s_16s_17_4_1_U26                        | 1   |        | add_ln85_33             | add | dsp48  | 3       |
|     add_ln85_34_fu_1716_p2                                  | -   |        | add_ln85_34             | add | fabric | 0       |
|     add_ln85_35_fu_1907_p2                                  | -   |        | add_ln85_35             | add | fabric | 0       |
|     add_ln85_36_fu_1917_p2                                  | -   |        | add_ln85_36             | add | fabric | 0       |
|     mac_muladd_8ns_7ns_15s_17_4_1_U21                       | 1   |        | add_ln85_37             | add | dsp48  | 3       |
|     mac_muladd_8ns_7ns_17s_18_4_1_U23                       | 1   |        | add_ln85_38             | add | dsp48  | 3       |
|     mac_muladd_8ns_7ns_15ns_16_4_1_U24                      | 1   |        | add_ln85_39             | add | dsp48  | 3       |
|     mac_muladd_8ns_8s_16ns_17_4_1_U27                       | 1   |        | add_ln85_40             | add | dsp48  | 3       |
|     add_ln85_41_fu_1272_p2                                  | -   |        | add_ln85_41             | add | fabric | 0       |
|     mac_muladd_8ns_7ns_16s_17_4_1_U33                       | 1   |        | add_ln85_42             | add | dsp48  | 3       |
|     mac_muladd_8ns_6ns_17s_17_4_1_U36                       | 1   |        | add_ln85_43             | add | dsp48  | 3       |
|     mac_muladd_8ns_7ns_16s_17_4_1_U43                       | 1   |        | add_ln85_44             | add | dsp48  | 3       |
|     mac_muladd_8ns_7ns_16s_17_4_1_U47                       | 1   |        | add_ln85_45             | add | dsp48  | 3       |
|     add_ln85_46_fu_1762_p2                                  | -   |        | add_ln85_46             | add | fabric | 0       |
|     add_ln85_47_fu_1772_p2                                  | -   |        | add_ln85_47             | add | fabric | 0       |
|     add_ln85_48_fu_1929_p2                                  | -   |        | add_ln85_48             | add | fabric | 0       |
|     add_ln85_49_fu_2005_p2                                  | -   |        | add_ln85_49             | add | fabric | 0       |
|     sub_ln85_1_fu_2031_p2                                   | -   |        | sub_ln85_1              | sub | fabric | 0       |
+-------------------------------------------------------------+-----+--------+-------------------------+-----+--------+---------+


================================================================
== Bind Storage Report
================================================================
+-----------------------+------+------+--------+------------------+---------+------+---------+
| Name                  | BRAM | URAM | Pragma | Variable         | Storage | Impl | Latency |
+-----------------------+------+------+--------+------------------+---------+------+---------+
| + top_A               | 2    | 0    |        |                  |         |      |         |
|   y1_0_U              | 1    | -    | yes    | y1_0             | ram_2p  | bram | 1       |
|   y1_1_U              | 1    | -    | yes    | y1_1             | ram_2p  | bram | 1       |
|  + conv1_pragma       | 0    | 0    |        |                  |         |      |         |
|    LENET_C1_W_0_0_0_U | -    | -    |        | LENET_C1_W_0_0_0 | rom_1p  | auto | 1       |
|    LENET_C1_W_0_0_1_U | -    | -    |        | LENET_C1_W_0_0_1 | rom_1p  | auto | 1       |
|    LENET_C1_W_0_0_2_U | -    | -    |        | LENET_C1_W_0_0_2 | rom_1p  | auto | 1       |
|    LENET_C1_W_0_0_3_U | -    | -    |        | LENET_C1_W_0_0_3 | rom_1p  | auto | 1       |
|    LENET_C1_W_0_0_4_U | -    | -    |        | LENET_C1_W_0_0_4 | rom_1p  | auto | 1       |
|    LENET_C1_W_0_1_0_U | -    | -    |        | LENET_C1_W_0_1_0 | rom_1p  | auto | 1       |
|    LENET_C1_W_0_1_1_U | -    | -    |        | LENET_C1_W_0_1_1 | rom_1p  | auto | 1       |
|    LENET_C1_W_0_1_2_U | -    | -    |        | LENET_C1_W_0_1_2 | rom_1p  | auto | 1       |
|    LENET_C1_W_0_1_3_U | -    | -    |        | LENET_C1_W_0_1_3 | rom_1p  | auto | 1       |
|    LENET_C1_W_0_1_4_U | -    | -    |        | LENET_C1_W_0_1_4 | rom_1p  | auto | 1       |
|    LENET_C1_W_0_2_0_U | -    | -    |        | LENET_C1_W_0_2_0 | rom_1p  | auto | 1       |
|    LENET_C1_W_0_2_1_U | -    | -    |        | LENET_C1_W_0_2_1 | rom_1p  | auto | 1       |
|    LENET_C1_W_0_2_2_U | -    | -    |        | LENET_C1_W_0_2_2 | rom_1p  | auto | 1       |
|    LENET_C1_W_0_2_3_U | -    | -    |        | LENET_C1_W_0_2_3 | rom_1p  | auto | 1       |
|    LENET_C1_W_0_2_4_U | -    | -    |        | LENET_C1_W_0_2_4 | rom_1p  | auto | 1       |
|    LENET_C1_W_0_3_0_U | -    | -    |        | LENET_C1_W_0_3_0 | rom_1p  | auto | 1       |
|    LENET_C1_W_0_3_1_U | -    | -    |        | LENET_C1_W_0_3_1 | rom_1p  | auto | 1       |
|    LENET_C1_W_0_3_2_U | -    | -    |        | LENET_C1_W_0_3_2 | rom_1p  | auto | 1       |
|    LENET_C1_W_0_3_3_U | -    | -    |        | LENET_C1_W_0_3_3 | rom_1p  | auto | 1       |
|    LENET_C1_W_0_3_4_U | -    | -    |        | LENET_C1_W_0_3_4 | rom_1p  | auto | 1       |
|    LENET_C1_W_0_4_0_U | -    | -    |        | LENET_C1_W_0_4_0 | rom_1p  | auto | 1       |
|    LENET_C1_W_0_4_1_U | -    | -    |        | LENET_C1_W_0_4_1 | rom_1p  | auto | 1       |
|    LENET_C1_W_0_4_2_U | -    | -    |        | LENET_C1_W_0_4_2 | rom_1p  | auto | 1       |
|    LENET_C1_W_0_4_3_U | -    | -    |        | LENET_C1_W_0_4_3 | rom_1p  | auto | 1       |
|    LENET_C1_W_0_4_4_U | -    | -    |        | LENET_C1_W_0_4_4 | rom_1p  | auto | 1       |
+-----------------------+------+------+--------+------------------+---------+------+---------+


================================================================
== Pragma Report
================================================================
* Valid Pragma Syntax
+--------------+--------------------------------------------------------------+-----------------------------------------------------------------------+
| Type         | Options                                                      | Location                                                              |
+--------------+--------------------------------------------------------------+-----------------------------------------------------------------------+
| inline       |                                                              | Lenet_RTL_test/lenet_conv1_only.cpp:84 in requant_u8_q15              |
| allocation   | operation instances=mul limit=2                              | Lenet_RTL_test/lenet_conv1_only.cpp:115 in conv1_pragma               |
| pipeline     | II=2                                                         | Lenet_RTL_test/lenet_conv1_only.cpp:120 in conv1_pragma               |
| unroll       | factor=2                                                     | Lenet_RTL_test/lenet_conv1_only.cpp:122 in conv1_pragma               |
| unroll       | factor=2                                                     | Lenet_RTL_test/lenet_conv1_only.cpp:124 in conv1_pragma               |
| pipeline     | II=2                                                         | Lenet_RTL_test/lenet_conv1_only.cpp:143 in maxpool1_pragma            |
| bind_storage | variable=y1 type=RAM_2P impl=BRAM                            | Lenet_RTL_test/lenet_conv1_only.cpp:159 in top_a, y1                  |
| inline       |                                                              | Lenet_RTL_test/lenet_inderence.cpp:52 in requant_u8_q15               |
| allocation   | operation instances=mul limit=2                              | Lenet_RTL_test/lenet_inderence.cpp:75 in conv1_relu_q                 |
| pipeline     | II=4                                                         | Lenet_RTL_test/lenet_inderence.cpp:80 in conv1_relu_q                 |
| unroll       | factor=1                                                     | Lenet_RTL_test/lenet_inderence.cpp:88 in conv1_relu_q                 |
| unroll       | factor=1                                                     | Lenet_RTL_test/lenet_inderence.cpp:90 in conv1_relu_q                 |
| pipeline     | II=2                                                         | Lenet_RTL_test/lenet_inderence.cpp:130 in maxpool2x2_s2_c1            |
| allocation   | operation instances=mul limit=2                              | Lenet_RTL_test/lenet_inderence.cpp:150 in conv2_relu_q                |
| pipeline     | II=4                                                         | Lenet_RTL_test/lenet_inderence.cpp:155 in conv2_relu_q                |
| unroll       | factor=1                                                     | Lenet_RTL_test/lenet_inderence.cpp:162 in conv2_relu_q                |
| unroll       | factor=1                                                     | Lenet_RTL_test/lenet_inderence.cpp:164 in conv2_relu_q                |
| unroll       | factor=1                                                     | Lenet_RTL_test/lenet_inderence.cpp:166 in conv2_relu_q                |
| pipeline     | II=2                                                         | Lenet_RTL_test/lenet_inderence.cpp:192 in maxpool2x2_s2_c2            |
| pipeline     | II=2                                                         | Lenet_RTL_test/lenet_inderence.cpp:214 in flatten_c2                  |
| allocation   | operation instances=mul limit=2                              | Lenet_RTL_test/lenet_inderence.cpp:223 in fc_requant_q                |
| pipeline     | II=4                                                         | Lenet_RTL_test/lenet_inderence.cpp:226 in fc_requant_q                |
| unroll       | factor=1                                                     | Lenet_RTL_test/lenet_inderence.cpp:233 in fc_requant_q                |
| interface    | m_axi port=in_img_u8 offset=slave bundle=gmem0 depth=1024    | Lenet_RTL_test/lenet_inderence.cpp:252 in lenet_accel, in_img_u8      |
| interface    | m_axi port=out_scores_i32 offset=slave bundle=gmem1 depth=10 | Lenet_RTL_test/lenet_inderence.cpp:253 in lenet_accel, out_scores_i32 |
| interface    | s_axilite port=in_img_u8 bundle=control                      | Lenet_RTL_test/lenet_inderence.cpp:254 in lenet_accel, in_img_u8      |
| interface    | s_axilite port=out_scores_i32 bundle=control                 | Lenet_RTL_test/lenet_inderence.cpp:255 in lenet_accel, out_scores_i32 |
| interface    | s_axilite port=return bundle=control                         | Lenet_RTL_test/lenet_inderence.cpp:256 in lenet_accel, return         |
| bind_storage | variable=x0 type=RAM_2P impl=BRAM                            | Lenet_RTL_test/lenet_inderence.cpp:259 in lenet_accel, x0             |
| bind_storage | variable=y1 type=RAM_2P impl=BRAM                            | Lenet_RTL_test/lenet_inderence.cpp:267 in lenet_accel, y1             |
| bind_storage | variable=p1 type=RAM_2P impl=BRAM                            | Lenet_RTL_test/lenet_inderence.cpp:268 in lenet_accel, p1             |
| bind_storage | variable=y2 type=RAM_2P impl=BRAM                            | Lenet_RTL_test/lenet_inderence.cpp:269 in lenet_accel, y2             |
| bind_storage | variable=p2 type=RAM_2P impl=BRAM                            | Lenet_RTL_test/lenet_inderence.cpp:270 in lenet_accel, p2             |
| bind_storage | variable=flat type=RAM_2P impl=BRAM                          | Lenet_RTL_test/lenet_inderence.cpp:271 in lenet_accel, flat           |
| bind_storage | variable=scores_q type=RAM_2P impl=BRAM                      | Lenet_RTL_test/lenet_inderence.cpp:274 in lenet_accel, scores_q       |
| pipeline     | II=1                                                         | Lenet_RTL_test/lenet_inderence.cpp:279 in lenet_accel                 |
| pipeline     | II=1                                                         | Lenet_RTL_test/lenet_inderence.cpp:293 in lenet_accel                 |
+--------------+--------------------------------------------------------------+-----------------------------------------------------------------------+

* Inferred Pragmas
+--------------------------------------------------+-----------------+----------------------------------------+----------------------+
| Source Pragma                                    | Inferred Pragma | Options                                | Location             |
+--------------------------------------------------+-----------------+----------------------------------------+----------------------+
| pipeline Lenet_RTL_test/lenet_conv1_only.cpp:143 | array_partition | dim=2 type=cyclic factor=2 variable=y1 | variable y1 in top_a |
+--------------------------------------------------+-----------------+----------------------------------------+----------------------+


