

================================================================
== Vitis HLS Report for 'top_A'
================================================================
* Date:           Mon Mar 16 13:32:28 2026

* Version:        2023.1 (Build 3854077 on May  4 2023)
* Project:        Lenet_RTL_test
* Solution:       solution1 (Vivado IP Flow Target)
* Product family: zynq
* Target device:  xc7z010-clg400-1


================================================================
== Performance Estimates
================================================================
+ Timing: 
    * Summary: 
    +--------+----------+----------+------------+
    |  Clock |  Target  | Estimated| Uncertainty|
    +--------+----------+----------+------------+
    |ap_clk  |  10.00 ns|  7.060 ns|     2.70 ns|
    +--------+----------+----------+------------+

+ Latency: 
    * Summary: 
    +---------+---------+----------+----------+-------+-------+---------+
    |  Latency (cycles) |  Latency (absolute) |    Interval   | Pipeline|
    |   min   |   max   |    min   |    max   |  min  |  max  |   Type  |
    +---------+---------+----------+----------+-------+-------+---------+
    |    18852|    18852|  0.189 ms|  0.189 ms|  18853|  18853|       no|
    +---------+---------+----------+----------+-------+-------+---------+

    + Detail: 
        * Instance: 
        +-------------------------+--------------+---------+---------+----------+----------+-------+-------+---------+
        |                         |              |  Latency (cycles) |  Latency (absolute) |    Interval   | Pipeline|
        |         Instance        |    Module    |   min   |   max   |    min   |    max   |  min  |  max  |   Type  |
        +-------------------------+--------------+---------+---------+----------+----------+-------+-------+---------+
        |grp_conv1_pragma_fu_233  |conv1_pragma  |    17671|    17671|  0.177 ms|  0.177 ms|  17671|  17671|       no|
        +-------------------------+--------------+---------+---------+----------+----------+-------+-------+---------+

        * Loop: 
        +------------------------------------------------------+---------+---------+----------+-----------+-----------+------+----------+
        |                                                      |  Latency (cycles) | Iteration|  Initiation Interval  | Trip |          |
        |                       Loop Name                      |   min   |   max   |  Latency |  achieved |   target  | Count| Pipelined|
        +------------------------------------------------------+---------+---------+----------+-----------+-----------+------+----------+
        |- VITIS_LOOP_140_1_VITIS_LOOP_141_2_VITIS_LOOP_142_3  |     1178|     1178|         5|          2|          2|   588|       yes|
        +------------------------------------------------------+---------+---------+----------+-----------+-----------+------+----------+



================================================================
== Utilization Estimates
================================================================
* Summary: 
+-----------------+---------+----+-------+-------+-----+
|       Name      | BRAM_18K| DSP|   FF  |  LUT  | URAM|
+-----------------+---------+----+-------+-------+-----+
|DSP              |        -|   -|      -|      -|    -|
|Expression       |        -|   -|      0|    294|    -|
|FIFO             |        -|   -|      -|      -|    -|
|Instance         |        0|  32|   1586|   2111|    -|
|Memory           |        2|   -|      0|      0|    -|
|Multiplexer      |        -|   -|      -|    159|    -|
|Register         |        -|   -|     83|      -|    -|
+-----------------+---------+----+-------+-------+-----+
|Total            |        2|  32|   1669|   2564|    0|
+-----------------+---------+----+-------+-------+-----+
|Available        |      120|  80|  35200|  17600|    0|
+-----------------+---------+----+-------+-------+-----+
|Utilization (%)  |        1|  40|      4|     14|    0|
+-----------------+---------+----+-------+-------+-----+

+ Detail: 
    * Instance: 
    +-------------------------+--------------+---------+----+------+------+-----+
    |         Instance        |    Module    | BRAM_18K| DSP|  FF  |  LUT | URAM|
    +-------------------------+--------------+---------+----+------+------+-----+
    |grp_conv1_pragma_fu_233  |conv1_pragma  |        0|  32|  1586|  2111|    0|
    +-------------------------+--------------+---------+----+------+------+-----+
    |Total                    |              |        0|  32|  1586|  2111|    0|
    +-------------------------+--------------+---------+----+------+------+-----+

    * DSP: 
    N/A

    * Memory: 
    +--------+-----------------------+---------+---+----+-----+------+-----+------+-------------+
    | Memory |         Module        | BRAM_18K| FF| LUT| URAM| Words| Bits| Banks| W*Bits*Banks|
    +--------+-----------------------+---------+---+----+-----+------+-----+------+-------------+
    |y1_0_U  |y1_0_RAM_2P_BRAM_1R1W  |        1|  0|   0|    0|  1176|    8|     1|         9408|
    |y1_1_U  |y1_0_RAM_2P_BRAM_1R1W  |        1|  0|   0|    0|  1176|    8|     1|         9408|
    +--------+-----------------------+---------+---+----+-----+------+-----+------+-------------+
    |Total   |                       |        2|  0|   0|    0|  2352|   16|     2|        18816|
    +--------+-----------------------+---------+---+----+-----+------+-----+------+-------------+

    * FIFO: 
    N/A

    * Expression: 
    +--------------------------+----------+----+---+----+------------+------------+
    |       Variable Name      | Operation| DSP| FF| LUT| Bitwidth P0| Bitwidth P1|
    +--------------------------+----------+----+---+----+------------+------------+
    |add_ln140_1_fu_327_p2     |         +|   0|  0|  13|          10|           1|
    |add_ln140_fu_375_p2       |         +|   0|  0|  10|           2|           1|
    |add_ln141_1_fu_342_p2     |         +|   0|  0|  15|           8|           1|
    |add_ln141_fu_446_p2       |         +|   0|  0|  13|           4|           1|
    |add_ln142_fu_487_p2       |         +|   0|  0|  13|           4|           1|
    |add_ln146_1_fu_598_p2     |         +|   0|  0|  12|          11|          11|
    |add_ln146_fu_576_p2       |         +|   0|  0|  12|          11|          11|
    |add_ln150_1_fu_559_p2     |         +|   0|  0|  10|          10|          10|
    |add_ln150_fu_477_p2       |         +|   0|  0|  15|           8|           8|
    |sub_ln146_fu_550_p2       |         -|   0|  0|  12|          11|          11|
    |sub_ln150_1_fu_526_p2     |         -|   0|  0|  10|          10|          10|
    |sub_ln150_fu_419_p2       |         -|   0|  0|  14|           7|           7|
    |and_ln140_fu_440_p2       |       and|   0|  0|   2|           1|           1|
    |icmp_ln140_fu_321_p2      |      icmp|   0|  0|  13|          10|          10|
    |icmp_ln141_fu_336_p2      |      icmp|   0|  0|  15|           8|           7|
    |icmp_ln142_fu_434_p2      |      icmp|   0|  0|  13|           4|           3|
    |icmp_ln146_fu_610_p2      |      icmp|   0|  0|  15|           8|           8|
    |icmp_ln148_fu_624_p2      |      icmp|   0|  0|  15|           8|           8|
    |icmp_ln150_fu_642_p2      |      icmp|   0|  0|  15|           8|           8|
    |or_ln141_fu_452_p2        |        or|   0|  0|   2|           1|           1|
    |or_ln146_fu_588_p2        |        or|   0|  0|   5|           5|           1|
    |m1_fu_616_p3              |    select|   0|  0|   8|           1|           8|
    |m2_fu_630_p3              |    select|   0|  0|   8|           1|           8|
    |p1_d0                     |    select|   0|  0|   8|           1|           8|
    |select_ln140_1_fu_388_p3  |    select|   0|  0|   2|           1|           2|
    |select_ln140_fu_381_p3    |    select|   0|  0|   4|           1|           1|
    |select_ln141_1_fu_465_p3  |    select|   0|  0|   4|           1|           4|
    |select_ln141_2_fu_348_p3  |    select|   0|  0|   8|           1|           1|
    |select_ln141_fu_457_p3    |    select|   0|  0|   4|           1|           1|
    |ap_enable_pp0             |       xor|   0|  0|   2|           1|           2|
    |xor_ln140_fu_429_p2       |       xor|   0|  0|   2|           1|           2|
    +--------------------------+----------+----+---+----+------------+------------+
    |Total                     |          |   0|  0| 294|         159|         157|
    +--------------------------+----------+----+---+----+------------+------------+

    * Multiplexer: 
    +-------------------------+----+-----------+-----+-----------+
    |           Name          | LUT| Input Size| Bits| Total Bits|
    +-------------------------+----+-----------+-----+-----------+
    |ap_NS_fsm                |  31|          6|    1|          6|
    |ap_enable_reg_pp0_iter2  |   9|          2|    1|          2|
    |c_fu_158                 |   9|          2|    2|          4|
    |indvar_flatten14_fu_162  |   9|          2|   10|         20|
    |indvar_flatten_fu_154    |   9|          2|    8|         16|
    |oh_fu_150                |   9|          2|    4|          8|
    |ow_fu_146                |   9|          2|    4|          8|
    |y1_0_address1            |  14|          3|   11|         33|
    |y1_0_ce1                 |  14|          3|    1|          3|
    |y1_0_we1                 |   9|          2|    1|          2|
    |y1_1_address1            |  14|          3|   11|         33|
    |y1_1_ce1                 |  14|          3|    1|          3|
    |y1_1_we1                 |   9|          2|    1|          2|
    +-------------------------+----+-----------+-----+-----------+
    |Total                    | 159|         34|   56|        140|
    +-------------------------+----+-----------+-----+-----------+

    * Register: 
    +--------------------------------------+----+----+-----+-----------+
    |                 Name                 | FF | LUT| Bits| Const Bits|
    +--------------------------------------+----+----+-----+-----------+
    |add_ln150_1_reg_718                   |  10|   0|   10|          0|
    |add_ln150_reg_706                     |   8|   0|    8|          0|
    |ap_CS_fsm                             |   5|   0|    5|          0|
    |ap_enable_reg_pp0_iter0               |   1|   0|    1|          0|
    |ap_enable_reg_pp0_iter1               |   1|   0|    1|          0|
    |ap_enable_reg_pp0_iter2               |   1|   0|    1|          0|
    |c_fu_158                              |   2|   0|    2|          0|
    |grp_conv1_pragma_fu_233_ap_start_reg  |   1|   0|    1|          0|
    |icmp_ln140_reg_688                    |   1|   0|    1|          0|
    |icmp_ln141_reg_692                    |   1|   0|    1|          0|
    |indvar_flatten14_fu_162               |  10|   0|   10|          0|
    |indvar_flatten_fu_154                 |   8|   0|    8|          0|
    |m1_reg_743                            |   8|   0|    8|          0|
    |m2_reg_749                            |   8|   0|    8|          0|
    |oh_fu_150                             |   4|   0|    4|          0|
    |ow_fu_146                             |   4|   0|    4|          0|
    |select_ln141_reg_700                  |   4|   0|    4|          0|
    |trunc_ln150_reg_712                   |   6|   0|    6|          0|
    +--------------------------------------+----+----+-----+-----------+
    |Total                                 |  83|   0|   83|          0|
    +--------------------------------------+----+----+-----+-----------+



================================================================
== Interface
================================================================
* Summary: 
+-------------+-----+-----+------------+--------------+--------------+
|  RTL Ports  | Dir | Bits|  Protocol  | Source Object|    C Type    |
+-------------+-----+-----+------------+--------------+--------------+
|ap_clk       |   in|    1|  ap_ctrl_hs|         top_A|  return value|
|ap_rst       |   in|    1|  ap_ctrl_hs|         top_A|  return value|
|ap_start     |   in|    1|  ap_ctrl_hs|         top_A|  return value|
|ap_done      |  out|    1|  ap_ctrl_hs|         top_A|  return value|
|ap_idle      |  out|    1|  ap_ctrl_hs|         top_A|  return value|
|ap_ready     |  out|    1|  ap_ctrl_hs|         top_A|  return value|
|x_address0   |  out|   10|   ap_memory|             x|         array|
|x_ce0        |  out|    1|   ap_memory|             x|         array|
|x_q0         |   in|    8|   ap_memory|             x|         array|
|x_address1   |  out|   10|   ap_memory|             x|         array|
|x_ce1        |  out|    1|   ap_memory|             x|         array|
|x_q1         |   in|    8|   ap_memory|             x|         array|
|p1_address0  |  out|   10|   ap_memory|            p1|         array|
|p1_ce0       |  out|    1|   ap_memory|            p1|         array|
|p1_we0       |  out|    1|   ap_memory|            p1|         array|
|p1_d0        |  out|    8|   ap_memory|            p1|         array|
+-------------+-----+-----+------------+--------------+--------------+

