

================================================================
== Vitis HLS Report for 'conv1_pragma'
================================================================
* Date:           Mon Mar 16 13:32:07 2026

* Version:        2023.1 (Build 3854077 on May  4 2023)
* Project:        Lenet_RTL_test
* Solution:       solution1 (Vivado IP Flow Target)
* Product family: zynq
* Target device:  xc7z010-clg400-1


================================================================
== Performance Estimates
================================================================
+ Timing: 
    * Summary: 
    +--------+----------+----------+------------+
    |  Clock |  Target  | Estimated| Uncertainty|
    +--------+----------+----------+------------+
    |ap_clk  |  10.00 ns|  6.765 ns|     2.70 ns|
    +--------+----------+----------+------------+

+ Latency: 
    * Summary: 
    +---------+---------+----------+----------+-------+-------+---------+
    |  Latency (cycles) |  Latency (absolute) |    Interval   | Pipeline|
    |   min   |   max   |    min   |    max   |  min  |  max  |   Type  |
    +---------+---------+----------+----------+-------+-------+---------+
    |    17671|    17671|  0.177 ms|  0.177 ms|  17671|  17671|       no|
    +---------+---------+----------+----------+-------+-------+---------+

    + Detail: 
        * Instance: 
        N/A

        * Loop: 
        +--------------------+---------+---------+----------+-----------+-----------+------+----------+
        |                    |  Latency (cycles) | Iteration|  Initiation Interval  | Trip |          |
        |      Loop Name     |   min   |   max   |  Latency |  achieved |   target  | Count| Pipelined|
        +--------------------+---------+---------+----------+-----------+-----------+------+----------+
        |- VITIS_LOOP_117_1  |    17670|    17670|      5890|          -|          -|     3|        no|
        +--------------------+---------+---------+----------+-----------+-----------+------+----------+

============================================================
+ Verbose Summary: Synthesis Manager
============================================================
InlineROM: 1
ExposeGlobal: 0
============================================================
+ Verbose Summary: CDFG Model
============================================================
IsTopModel: 0
ResetActiveHigh: 1
IsCombinational: 0
IsDatapathOnly: 0
HasWiredReturn: 1
HasMFsm: 0
HasVarLatency: 1
IsPipeline: 0
IsRtlPipelined: 0
IsInstanceOverlapped: 0
IsDontTouch: 0
HasImplIP: 0
IsGatedGlobalClock: 0


============================================================
+ Verbose Summary: Schedule
============================================================
* Number of FSM states : 4
* Pipeline : 0
* Dataflow Pipeline: 0

* FSM state transitions: 
1 --> 2 
2 --> 3 
3 --> 4 
4 --> 2 

* FSM state operations: 

State 1 <SV = 0> <Delay = 1.58>
ST_1 : Operation 5 [1/1] (0.00ns)   --->   "%oc = alloca i32 1"   --->   Operation 5 'alloca' 'oc' <Predicate = true> <Delay = 0.00>
ST_1 : Operation 6 [1/1] (0.00ns)   --->   "%specmemcore_ln0 = specmemcore void @_ssdm_op_SpecMemCore, i8 %y_0, i64 666, i64 22, i64 18446744073709551615"   --->   Operation 6 'specmemcore' 'specmemcore_ln0' <Predicate = true> <Delay = 0.00>
ST_1 : Operation 7 [1/1] (0.00ns)   --->   "%specmemcore_ln0 = specmemcore void @_ssdm_op_SpecMemCore, i8 %y_1, i64 666, i64 22, i64 18446744073709551615"   --->   Operation 7 'specmemcore' 'specmemcore_ln0' <Predicate = true> <Delay = 0.00>
ST_1 : Operation 8 [1/1] (0.00ns)   --->   "%specinterface_ln0 = specinterface void @_ssdm_op_SpecInterface, i8 %x, void @empty_3, i32 0, i32 0, void @empty_2, i32 4294967295, i32 0, void @empty_2, void @empty_2, void @empty_2, i32 0, i32 0, i32 0, i32 0, void @empty_2, void @empty_2, i32 4294967295, i32 0"   --->   Operation 8 'specinterface' 'specinterface_ln0' <Predicate = true> <Delay = 0.00>
ST_1 : Operation 9 [1/1] (0.00ns)   --->   "%specresourcelimit_ln115 = specresourcelimit void @_ssdm_op_SpecResourceLimit, i64 2, void @empty_1, void @empty_2, void @empty_2, void @empty_2" [Lenet_RTL_test/lenet_conv1_only.cpp:115]   --->   Operation 9 'specresourcelimit' 'specresourcelimit_ln115' <Predicate = true> <Delay = 0.00>
ST_1 : Operation 10 [1/1] (1.58ns)   --->   "%store_ln117 = store i2 0, i2 %oc" [Lenet_RTL_test/lenet_conv1_only.cpp:117]   --->   Operation 10 'store' 'store_ln117' <Predicate = true> <Delay = 1.58>
ST_1 : Operation 11 [1/1] (0.00ns)   --->   "%br_ln117 = br void %VITIS_LOOP_118_2" [Lenet_RTL_test/lenet_conv1_only.cpp:117]   --->   Operation 11 'br' 'br_ln117' <Predicate = true> <Delay = 0.00>

State 2 <SV = 1> <Delay = 3.15>
ST_2 : Operation 12 [1/1] (0.00ns)   --->   "%oc_1 = load i2 %oc" [Lenet_RTL_test/lenet_conv1_only.cpp:117]   --->   Operation 12 'load' 'oc_1' <Predicate = true> <Delay = 0.00>
ST_2 : Operation 13 [1/1] (1.56ns)   --->   "%icmp_ln117 = icmp_eq  i2 %oc_1, i2 3" [Lenet_RTL_test/lenet_conv1_only.cpp:117]   --->   Operation 13 'icmp' 'icmp_ln117' <Predicate = true> <Delay = 1.56> <CoreInst = "Cmp">   --->   Core 9 'Cmp' <Latency = 0> <II = 1> <Delay = 1.56> <FuncUnit> <Opcode : 'icmp'> <InPorts = 2> <OutPorts = 1>
ST_2 : Operation 14 [1/1] (1.56ns)   --->   "%add_ln117 = add i2 %oc_1, i2 1" [Lenet_RTL_test/lenet_conv1_only.cpp:117]   --->   Operation 14 'add' 'add_ln117' <Predicate = true> <Delay = 1.56> <CoreInst = "Adder">   --->   Core 1 'Adder' <Latency = 0> <II = 1> <Delay = 1.56> <FuncUnit> <Opcode : 'add' 'sub'> <InPorts = 2> <OutPorts = 1>
ST_2 : Operation 15 [1/1] (0.00ns)   --->   "%br_ln117 = br i1 %icmp_ln117, void %VITIS_LOOP_118_2.split, void %for.end50" [Lenet_RTL_test/lenet_conv1_only.cpp:117]   --->   Operation 15 'br' 'br_ln117' <Predicate = true> <Delay = 0.00>
ST_2 : Operation 16 [1/1] (0.00ns)   --->   "%zext_ln117 = zext i2 %oc_1" [Lenet_RTL_test/lenet_conv1_only.cpp:117]   --->   Operation 16 'zext' 'zext_ln117' <Predicate = (!icmp_ln117)> <Delay = 0.00>
ST_2 : Operation 17 [1/1] (0.00ns)   --->   "%LENET_C1_W_0_0_0_addr = getelementptr i7 %LENET_C1_W_0_0_0, i64 0, i64 %zext_ln117" [Lenet_RTL_test/lenet_conv1_only.cpp:117]   --->   Operation 17 'getelementptr' 'LENET_C1_W_0_0_0_addr' <Predicate = (!icmp_ln117)> <Delay = 0.00>
ST_2 : Operation 18 [2/2] (2.32ns)   --->   "%LENET_C1_W_0_0_0_load = load i2 %LENET_C1_W_0_0_0_addr" [Lenet_RTL_test/lenet_conv1_only.cpp:117]   --->   Operation 18 'load' 'LENET_C1_W_0_0_0_load' <Predicate = (!icmp_ln117)> <Delay = 2.32> <CoreInst = "ROM">   --->   Core 95 'ROM' <Latency = 1> <II = 1> <Delay = 2.32> <Storage> <Opcode : 'load'> <Ports = 0> <Width = 7> <Depth = 3> <ROM>
ST_2 : Operation 19 [1/1] (0.00ns)   --->   "%LENET_C1_W_0_0_1_addr = getelementptr i7 %LENET_C1_W_0_0_1, i64 0, i64 %zext_ln117" [Lenet_RTL_test/lenet_conv1_only.cpp:117]   --->   Operation 19 'getelementptr' 'LENET_C1_W_0_0_1_addr' <Predicate = (!icmp_ln117)> <Delay = 0.00>
ST_2 : Operation 20 [2/2] (2.32ns)   --->   "%LENET_C1_W_0_0_1_load = load i2 %LENET_C1_W_0_0_1_addr" [Lenet_RTL_test/lenet_conv1_only.cpp:117]   --->   Operation 20 'load' 'LENET_C1_W_0_0_1_load' <Predicate = (!icmp_ln117)> <Delay = 2.32> <CoreInst = "ROM">   --->   Core 95 'ROM' <Latency = 1> <II = 1> <Delay = 2.32> <Storage> <Opcode : 'load'> <Ports = 0> <Width = 7> <Depth = 3> <ROM>
ST_2 : Operation 21 [1/1] (0.00ns)   --->   "%LENET_C1_W_0_0_2_addr = getelementptr i8 %LENET_C1_W_0_0_2, i64 0, i64 %zext_ln117" [Lenet_RTL_test/lenet_conv1_only.cpp:117]   --->   Operation 21 'getelementptr' 'LENET_C1_W_0_0_2_addr' <Predicate = (!icmp_ln117)> <Delay = 0.00>
ST_2 : Operation 22 [2/2] (2.32ns)   --->   "%LENET_C1_W_0_0_2_load = load i2 %LENET_C1_W_0_0_2_addr" [Lenet_RTL_test/lenet_conv1_only.cpp:117]   --->   Operation 22 'load' 'LENET_C1_W_0_0_2_load' <Predicate = (!icmp_ln117)> <Delay = 2.32> <CoreInst = "ROM">   --->   Core 95 'ROM' <Latency = 1> <II = 1> <Delay = 2.32> <Storage> <Opcode : 'load'> <Ports = 0> <Width = 8> <Depth = 3> <ROM>
ST_2 : Operation 23 [1/1] (0.00ns)   --->   "%LENET_C1_W_0_0_3_addr = getelementptr i7 %LENET_C1_W_0_0_3, i64 0, i64 %zext_ln117" [Lenet_RTL_test/lenet_conv1_only.cpp:117]   --->   Operation 23 'getelementptr' 'LENET_C1_W_0_0_3_addr' <Predicate = (!icmp_ln117)> <Delay = 0.00>
ST_2 : Operation 24 [2/2] (2.32ns)   --->   "%LENET_C1_W_0_0_3_load = load i2 %LENET_C1_W_0_0_3_addr" [Lenet_RTL_test/lenet_conv1_only.cpp:117]   --->   Operation 24 'load' 'LENET_C1_W_0_0_3_load' <Predicate = (!icmp_ln117)> <Delay = 2.32> <CoreInst = "ROM">   --->   Core 95 'ROM' <Latency = 1> <II = 1> <Delay = 2.32> <Storage> <Opcode : 'load'> <Ports = 0> <Width = 7> <Depth = 3> <ROM>
ST_2 : Operation 25 [1/1] (0.00ns)   --->   "%LENET_C1_W_0_0_4_addr = getelementptr i8 %LENET_C1_W_0_0_4, i64 0, i64 %zext_ln117" [Lenet_RTL_test/lenet_conv1_only.cpp:117]   --->   Operation 25 'getelementptr' 'LENET_C1_W_0_0_4_addr' <Predicate = (!icmp_ln117)> <Delay = 0.00>
ST_2 : Operation 26 [2/2] (2.32ns)   --->   "%LENET_C1_W_0_0_4_load = load i2 %LENET_C1_W_0_0_4_addr" [Lenet_RTL_test/lenet_conv1_only.cpp:117]   --->   Operation 26 'load' 'LENET_C1_W_0_0_4_load' <Predicate = (!icmp_ln117)> <Delay = 2.32> <CoreInst = "ROM">   --->   Core 95 'ROM' <Latency = 1> <II = 1> <Delay = 2.32> <Storage> <Opcode : 'load'> <Ports = 0> <Width = 8> <Depth = 3> <ROM>
ST_2 : Operation 27 [1/1] (0.00ns)   --->   "%LENET_C1_W_0_1_0_addr = getelementptr i7 %LENET_C1_W_0_1_0, i64 0, i64 %zext_ln117" [Lenet_RTL_test/lenet_conv1_only.cpp:117]   --->   Operation 27 'getelementptr' 'LENET_C1_W_0_1_0_addr' <Predicate = (!icmp_ln117)> <Delay = 0.00>
ST_2 : Operation 28 [2/2] (2.32ns)   --->   "%LENET_C1_W_0_1_0_load = load i2 %LENET_C1_W_0_1_0_addr" [Lenet_RTL_test/lenet_conv1_only.cpp:117]   --->   Operation 28 'load' 'LENET_C1_W_0_1_0_load' <Predicate = (!icmp_ln117)> <Delay = 2.32> <CoreInst = "ROM">   --->   Core 95 'ROM' <Latency = 1> <II = 1> <Delay = 2.32> <Storage> <Opcode : 'load'> <Ports = 0> <Width = 7> <Depth = 3> <ROM>
ST_2 : Operation 29 [1/1] (0.00ns)   --->   "%LENET_C1_W_0_1_1_addr = getelementptr i6 %LENET_C1_W_0_1_1, i64 0, i64 %zext_ln117" [Lenet_RTL_test/lenet_conv1_only.cpp:117]   --->   Operation 29 'getelementptr' 'LENET_C1_W_0_1_1_addr' <Predicate = (!icmp_ln117)> <Delay = 0.00>
ST_2 : Operation 30 [2/2] (2.32ns)   --->   "%LENET_C1_W_0_1_1_load = load i2 %LENET_C1_W_0_1_1_addr" [Lenet_RTL_test/lenet_conv1_only.cpp:117]   --->   Operation 30 'load' 'LENET_C1_W_0_1_1_load' <Predicate = (!icmp_ln117)> <Delay = 2.32> <CoreInst = "ROM">   --->   Core 95 'ROM' <Latency = 1> <II = 1> <Delay = 2.32> <Storage> <Opcode : 'load'> <Ports = 0> <Width = 6> <Depth = 3> <ROM>
ST_2 : Operation 31 [1/1] (0.00ns)   --->   "%LENET_C1_W_0_1_2_addr = getelementptr i7 %LENET_C1_W_0_1_2, i64 0, i64 %zext_ln117" [Lenet_RTL_test/lenet_conv1_only.cpp:117]   --->   Operation 31 'getelementptr' 'LENET_C1_W_0_1_2_addr' <Predicate = (!icmp_ln117)> <Delay = 0.00>
ST_2 : Operation 32 [2/2] (2.32ns)   --->   "%LENET_C1_W_0_1_2_load = load i2 %LENET_C1_W_0_1_2_addr" [Lenet_RTL_test/lenet_conv1_only.cpp:117]   --->   Operation 32 'load' 'LENET_C1_W_0_1_2_load' <Predicate = (!icmp_ln117)> <Delay = 2.32> <CoreInst = "ROM">   --->   Core 95 'ROM' <Latency = 1> <II = 1> <Delay = 2.32> <Storage> <Opcode : 'load'> <Ports = 0> <Width = 7> <Depth = 3> <ROM>
ST_2 : Operation 33 [1/1] (0.00ns)   --->   "%LENET_C1_W_0_1_3_addr = getelementptr i8 %LENET_C1_W_0_1_3, i64 0, i64 %zext_ln117" [Lenet_RTL_test/lenet_conv1_only.cpp:117]   --->   Operation 33 'getelementptr' 'LENET_C1_W_0_1_3_addr' <Predicate = (!icmp_ln117)> <Delay = 0.00>
ST_2 : Operation 34 [2/2] (2.32ns)   --->   "%LENET_C1_W_0_1_3_load = load i2 %LENET_C1_W_0_1_3_addr" [Lenet_RTL_test/lenet_conv1_only.cpp:117]   --->   Operation 34 'load' 'LENET_C1_W_0_1_3_load' <Predicate = (!icmp_ln117)> <Delay = 2.32> <CoreInst = "ROM">   --->   Core 95 'ROM' <Latency = 1> <II = 1> <Delay = 2.32> <Storage> <Opcode : 'load'> <Ports = 0> <Width = 8> <Depth = 3> <ROM>
ST_2 : Operation 35 [1/1] (0.00ns)   --->   "%LENET_C1_W_0_1_4_addr = getelementptr i8 %LENET_C1_W_0_1_4, i64 0, i64 %zext_ln117" [Lenet_RTL_test/lenet_conv1_only.cpp:117]   --->   Operation 35 'getelementptr' 'LENET_C1_W_0_1_4_addr' <Predicate = (!icmp_ln117)> <Delay = 0.00>
ST_2 : Operation 36 [2/2] (2.32ns)   --->   "%LENET_C1_W_0_1_4_load = load i2 %LENET_C1_W_0_1_4_addr" [Lenet_RTL_test/lenet_conv1_only.cpp:117]   --->   Operation 36 'load' 'LENET_C1_W_0_1_4_load' <Predicate = (!icmp_ln117)> <Delay = 2.32> <CoreInst = "ROM">   --->   Core 95 'ROM' <Latency = 1> <II = 1> <Delay = 2.32> <Storage> <Opcode : 'load'> <Ports = 0> <Width = 8> <Depth = 3> <ROM>
ST_2 : Operation 37 [1/1] (0.00ns)   --->   "%LENET_C1_W_0_2_0_addr = getelementptr i7 %LENET_C1_W_0_2_0, i64 0, i64 %zext_ln117" [Lenet_RTL_test/lenet_conv1_only.cpp:117]   --->   Operation 37 'getelementptr' 'LENET_C1_W_0_2_0_addr' <Predicate = (!icmp_ln117)> <Delay = 0.00>
ST_2 : Operation 38 [2/2] (2.32ns)   --->   "%LENET_C1_W_0_2_0_load = load i2 %LENET_C1_W_0_2_0_addr" [Lenet_RTL_test/lenet_conv1_only.cpp:117]   --->   Operation 38 'load' 'LENET_C1_W_0_2_0_load' <Predicate = (!icmp_ln117)> <Delay = 2.32> <CoreInst = "ROM">   --->   Core 95 'ROM' <Latency = 1> <II = 1> <Delay = 2.32> <Storage> <Opcode : 'load'> <Ports = 0> <Width = 7> <Depth = 3> <ROM>
ST_2 : Operation 39 [1/1] (0.00ns)   --->   "%LENET_C1_W_0_2_1_addr = getelementptr i7 %LENET_C1_W_0_2_1, i64 0, i64 %zext_ln117" [Lenet_RTL_test/lenet_conv1_only.cpp:117]   --->   Operation 39 'getelementptr' 'LENET_C1_W_0_2_1_addr' <Predicate = (!icmp_ln117)> <Delay = 0.00>
ST_2 : Operation 40 [2/2] (2.32ns)   --->   "%LENET_C1_W_0_2_1_load = load i2 %LENET_C1_W_0_2_1_addr" [Lenet_RTL_test/lenet_conv1_only.cpp:117]   --->   Operation 40 'load' 'LENET_C1_W_0_2_1_load' <Predicate = (!icmp_ln117)> <Delay = 2.32> <CoreInst = "ROM">   --->   Core 95 'ROM' <Latency = 1> <II = 1> <Delay = 2.32> <Storage> <Opcode : 'load'> <Ports = 0> <Width = 7> <Depth = 3> <ROM>
ST_2 : Operation 41 [1/1] (0.00ns)   --->   "%LENET_C1_W_0_2_2_addr = getelementptr i8 %LENET_C1_W_0_2_2, i64 0, i64 %zext_ln117" [Lenet_RTL_test/lenet_conv1_only.cpp:117]   --->   Operation 41 'getelementptr' 'LENET_C1_W_0_2_2_addr' <Predicate = (!icmp_ln117)> <Delay = 0.00>
ST_2 : Operation 42 [2/2] (2.32ns)   --->   "%LENET_C1_W_0_2_2_load = load i2 %LENET_C1_W_0_2_2_addr" [Lenet_RTL_test/lenet_conv1_only.cpp:117]   --->   Operation 42 'load' 'LENET_C1_W_0_2_2_load' <Predicate = (!icmp_ln117)> <Delay = 2.32> <CoreInst = "ROM">   --->   Core 95 'ROM' <Latency = 1> <II = 1> <Delay = 2.32> <Storage> <Opcode : 'load'> <Ports = 0> <Width = 8> <Depth = 3> <ROM>
ST_2 : Operation 43 [1/1] (0.00ns)   --->   "%LENET_C1_W_0_2_3_addr = getelementptr i8 %LENET_C1_W_0_2_3, i64 0, i64 %zext_ln117" [Lenet_RTL_test/lenet_conv1_only.cpp:117]   --->   Operation 43 'getelementptr' 'LENET_C1_W_0_2_3_addr' <Predicate = (!icmp_ln117)> <Delay = 0.00>
ST_2 : Operation 44 [2/2] (2.32ns)   --->   "%LENET_C1_W_0_2_3_load = load i2 %LENET_C1_W_0_2_3_addr" [Lenet_RTL_test/lenet_conv1_only.cpp:117]   --->   Operation 44 'load' 'LENET_C1_W_0_2_3_load' <Predicate = (!icmp_ln117)> <Delay = 2.32> <CoreInst = "ROM">   --->   Core 95 'ROM' <Latency = 1> <II = 1> <Delay = 2.32> <Storage> <Opcode : 'load'> <Ports = 0> <Width = 8> <Depth = 3> <ROM>
ST_2 : Operation 45 [1/1] (0.00ns)   --->   "%LENET_C1_W_0_2_4_addr = getelementptr i8 %LENET_C1_W_0_2_4, i64 0, i64 %zext_ln117" [Lenet_RTL_test/lenet_conv1_only.cpp:117]   --->   Operation 45 'getelementptr' 'LENET_C1_W_0_2_4_addr' <Predicate = (!icmp_ln117)> <Delay = 0.00>
ST_2 : Operation 46 [2/2] (2.32ns)   --->   "%LENET_C1_W_0_2_4_load = load i2 %LENET_C1_W_0_2_4_addr" [Lenet_RTL_test/lenet_conv1_only.cpp:117]   --->   Operation 46 'load' 'LENET_C1_W_0_2_4_load' <Predicate = (!icmp_ln117)> <Delay = 2.32> <CoreInst = "ROM">   --->   Core 95 'ROM' <Latency = 1> <II = 1> <Delay = 2.32> <Storage> <Opcode : 'load'> <Ports = 0> <Width = 8> <Depth = 3> <ROM>
ST_2 : Operation 47 [1/1] (0.00ns)   --->   "%LENET_C1_W_0_3_0_addr = getelementptr i7 %LENET_C1_W_0_3_0, i64 0, i64 %zext_ln117" [Lenet_RTL_test/lenet_conv1_only.cpp:117]   --->   Operation 47 'getelementptr' 'LENET_C1_W_0_3_0_addr' <Predicate = (!icmp_ln117)> <Delay = 0.00>
ST_2 : Operation 48 [2/2] (2.32ns)   --->   "%LENET_C1_W_0_3_0_load = load i2 %LENET_C1_W_0_3_0_addr" [Lenet_RTL_test/lenet_conv1_only.cpp:117]   --->   Operation 48 'load' 'LENET_C1_W_0_3_0_load' <Predicate = (!icmp_ln117)> <Delay = 2.32> <CoreInst = "ROM">   --->   Core 95 'ROM' <Latency = 1> <II = 1> <Delay = 2.32> <Storage> <Opcode : 'load'> <Ports = 0> <Width = 7> <Depth = 3> <ROM>
ST_2 : Operation 49 [1/1] (0.00ns)   --->   "%LENET_C1_W_0_3_1_addr = getelementptr i8 %LENET_C1_W_0_3_1, i64 0, i64 %zext_ln117" [Lenet_RTL_test/lenet_conv1_only.cpp:117]   --->   Operation 49 'getelementptr' 'LENET_C1_W_0_3_1_addr' <Predicate = (!icmp_ln117)> <Delay = 0.00>
ST_2 : Operation 50 [2/2] (2.32ns)   --->   "%LENET_C1_W_0_3_1_load = load i2 %LENET_C1_W_0_3_1_addr" [Lenet_RTL_test/lenet_conv1_only.cpp:117]   --->   Operation 50 'load' 'LENET_C1_W_0_3_1_load' <Predicate = (!icmp_ln117)> <Delay = 2.32> <CoreInst = "ROM">   --->   Core 95 'ROM' <Latency = 1> <II = 1> <Delay = 2.32> <Storage> <Opcode : 'load'> <Ports = 0> <Width = 8> <Depth = 3> <ROM>
ST_2 : Operation 51 [1/1] (0.00ns)   --->   "%LENET_C1_W_0_3_2_addr = getelementptr i8 %LENET_C1_W_0_3_2, i64 0, i64 %zext_ln117" [Lenet_RTL_test/lenet_conv1_only.cpp:117]   --->   Operation 51 'getelementptr' 'LENET_C1_W_0_3_2_addr' <Predicate = (!icmp_ln117)> <Delay = 0.00>
ST_2 : Operation 52 [2/2] (2.32ns)   --->   "%LENET_C1_W_0_3_2_load = load i2 %LENET_C1_W_0_3_2_addr" [Lenet_RTL_test/lenet_conv1_only.cpp:117]   --->   Operation 52 'load' 'LENET_C1_W_0_3_2_load' <Predicate = (!icmp_ln117)> <Delay = 2.32> <CoreInst = "ROM">   --->   Core 95 'ROM' <Latency = 1> <II = 1> <Delay = 2.32> <Storage> <Opcode : 'load'> <Ports = 0> <Width = 8> <Depth = 3> <ROM>
ST_2 : Operation 53 [1/1] (0.00ns)   --->   "%LENET_C1_W_0_3_3_addr = getelementptr i8 %LENET_C1_W_0_3_3, i64 0, i64 %zext_ln117" [Lenet_RTL_test/lenet_conv1_only.cpp:117]   --->   Operation 53 'getelementptr' 'LENET_C1_W_0_3_3_addr' <Predicate = (!icmp_ln117)> <Delay = 0.00>
ST_2 : Operation 54 [2/2] (2.32ns)   --->   "%LENET_C1_W_0_3_3_load = load i2 %LENET_C1_W_0_3_3_addr" [Lenet_RTL_test/lenet_conv1_only.cpp:117]   --->   Operation 54 'load' 'LENET_C1_W_0_3_3_load' <Predicate = (!icmp_ln117)> <Delay = 2.32> <CoreInst = "ROM">   --->   Core 95 'ROM' <Latency = 1> <II = 1> <Delay = 2.32> <Storage> <Opcode : 'load'> <Ports = 0> <Width = 8> <Depth = 3> <ROM>
ST_2 : Operation 55 [1/1] (0.00ns)   --->   "%LENET_C1_W_0_3_4_addr = getelementptr i8 %LENET_C1_W_0_3_4, i64 0, i64 %zext_ln117" [Lenet_RTL_test/lenet_conv1_only.cpp:117]   --->   Operation 55 'getelementptr' 'LENET_C1_W_0_3_4_addr' <Predicate = (!icmp_ln117)> <Delay = 0.00>
ST_2 : Operation 56 [2/2] (2.32ns)   --->   "%LENET_C1_W_0_3_4_load = load i2 %LENET_C1_W_0_3_4_addr" [Lenet_RTL_test/lenet_conv1_only.cpp:117]   --->   Operation 56 'load' 'LENET_C1_W_0_3_4_load' <Predicate = (!icmp_ln117)> <Delay = 2.32> <CoreInst = "ROM">   --->   Core 95 'ROM' <Latency = 1> <II = 1> <Delay = 2.32> <Storage> <Opcode : 'load'> <Ports = 0> <Width = 8> <Depth = 3> <ROM>
ST_2 : Operation 57 [1/1] (0.00ns)   --->   "%LENET_C1_W_0_4_0_addr = getelementptr i8 %LENET_C1_W_0_4_0, i64 0, i64 %zext_ln117" [Lenet_RTL_test/lenet_conv1_only.cpp:117]   --->   Operation 57 'getelementptr' 'LENET_C1_W_0_4_0_addr' <Predicate = (!icmp_ln117)> <Delay = 0.00>
ST_2 : Operation 58 [2/2] (2.32ns)   --->   "%LENET_C1_W_0_4_0_load = load i2 %LENET_C1_W_0_4_0_addr" [Lenet_RTL_test/lenet_conv1_only.cpp:117]   --->   Operation 58 'load' 'LENET_C1_W_0_4_0_load' <Predicate = (!icmp_ln117)> <Delay = 2.32> <CoreInst = "ROM">   --->   Core 95 'ROM' <Latency = 1> <II = 1> <Delay = 2.32> <Storage> <Opcode : 'load'> <Ports = 0> <Width = 8> <Depth = 3> <ROM>
ST_2 : Operation 59 [1/1] (0.00ns)   --->   "%LENET_C1_W_0_4_1_addr = getelementptr i8 %LENET_C1_W_0_4_1, i64 0, i64 %zext_ln117" [Lenet_RTL_test/lenet_conv1_only.cpp:117]   --->   Operation 59 'getelementptr' 'LENET_C1_W_0_4_1_addr' <Predicate = (!icmp_ln117)> <Delay = 0.00>
ST_2 : Operation 60 [2/2] (2.32ns)   --->   "%LENET_C1_W_0_4_1_load = load i2 %LENET_C1_W_0_4_1_addr" [Lenet_RTL_test/lenet_conv1_only.cpp:117]   --->   Operation 60 'load' 'LENET_C1_W_0_4_1_load' <Predicate = (!icmp_ln117)> <Delay = 2.32> <CoreInst = "ROM">   --->   Core 95 'ROM' <Latency = 1> <II = 1> <Delay = 2.32> <Storage> <Opcode : 'load'> <Ports = 0> <Width = 8> <Depth = 3> <ROM>
ST_2 : Operation 61 [1/1] (0.00ns)   --->   "%LENET_C1_W_0_4_2_addr = getelementptr i7 %LENET_C1_W_0_4_2, i64 0, i64 %zext_ln117" [Lenet_RTL_test/lenet_conv1_only.cpp:117]   --->   Operation 61 'getelementptr' 'LENET_C1_W_0_4_2_addr' <Predicate = (!icmp_ln117)> <Delay = 0.00>
ST_2 : Operation 62 [2/2] (2.32ns)   --->   "%LENET_C1_W_0_4_2_load = load i2 %LENET_C1_W_0_4_2_addr" [Lenet_RTL_test/lenet_conv1_only.cpp:117]   --->   Operation 62 'load' 'LENET_C1_W_0_4_2_load' <Predicate = (!icmp_ln117)> <Delay = 2.32> <CoreInst = "ROM">   --->   Core 95 'ROM' <Latency = 1> <II = 1> <Delay = 2.32> <Storage> <Opcode : 'load'> <Ports = 0> <Width = 7> <Depth = 3> <ROM>
ST_2 : Operation 63 [1/1] (0.00ns)   --->   "%LENET_C1_W_0_4_3_addr = getelementptr i8 %LENET_C1_W_0_4_3, i64 0, i64 %zext_ln117" [Lenet_RTL_test/lenet_conv1_only.cpp:117]   --->   Operation 63 'getelementptr' 'LENET_C1_W_0_4_3_addr' <Predicate = (!icmp_ln117)> <Delay = 0.00>
ST_2 : Operation 64 [2/2] (2.32ns)   --->   "%LENET_C1_W_0_4_3_load = load i2 %LENET_C1_W_0_4_3_addr" [Lenet_RTL_test/lenet_conv1_only.cpp:117]   --->   Operation 64 'load' 'LENET_C1_W_0_4_3_load' <Predicate = (!icmp_ln117)> <Delay = 2.32> <CoreInst = "ROM">   --->   Core 95 'ROM' <Latency = 1> <II = 1> <Delay = 2.32> <Storage> <Opcode : 'load'> <Ports = 0> <Width = 8> <Depth = 3> <ROM>
ST_2 : Operation 65 [1/1] (0.00ns)   --->   "%LENET_C1_W_0_4_4_addr = getelementptr i8 %LENET_C1_W_0_4_4, i64 0, i64 %zext_ln117" [Lenet_RTL_test/lenet_conv1_only.cpp:117]   --->   Operation 65 'getelementptr' 'LENET_C1_W_0_4_4_addr' <Predicate = (!icmp_ln117)> <Delay = 0.00>
ST_2 : Operation 66 [2/2] (2.32ns)   --->   "%LENET_C1_W_0_4_4_load = load i2 %LENET_C1_W_0_4_4_addr" [Lenet_RTL_test/lenet_conv1_only.cpp:117]   --->   Operation 66 'load' 'LENET_C1_W_0_4_4_load' <Predicate = (!icmp_ln117)> <Delay = 2.32> <CoreInst = "ROM">   --->   Core 95 'ROM' <Latency = 1> <II = 1> <Delay = 2.32> <Storage> <Opcode : 'load'> <Ports = 0> <Width = 8> <Depth = 3> <ROM>
ST_2 : Operation 67 [1/1] (1.58ns)   --->   "%store_ln117 = store i2 %add_ln117, i2 %oc" [Lenet_RTL_test/lenet_conv1_only.cpp:117]   --->   Operation 67 'store' 'store_ln117' <Predicate = (!icmp_ln117)> <Delay = 1.58>
ST_2 : Operation 68 [1/1] (0.00ns)   --->   "%ret_ln135 = ret" [Lenet_RTL_test/lenet_conv1_only.cpp:135]   --->   Operation 68 'ret' 'ret_ln135' <Predicate = (icmp_ln117)> <Delay = 0.00>

State 3 <SV = 2> <Delay = 2.32>
ST_3 : Operation 69 [1/1] (0.00ns)   --->   "%tmp = bitconcatenate i6 @_ssdm_op_BitConcatenate.i6.i2.i4, i2 %oc_1, i4 0" [Lenet_RTL_test/lenet_conv1_only.cpp:131]   --->   Operation 69 'bitconcatenate' 'tmp' <Predicate = true> <Delay = 0.00>
ST_3 : Operation 70 [1/1] (0.00ns)   --->   "%zext_ln131 = zext i6 %tmp" [Lenet_RTL_test/lenet_conv1_only.cpp:131]   --->   Operation 70 'zext' 'zext_ln131' <Predicate = true> <Delay = 0.00>
ST_3 : Operation 71 [1/1] (0.00ns)   --->   "%tmp_6 = bitconcatenate i3 @_ssdm_op_BitConcatenate.i3.i2.i1, i2 %oc_1, i1 0" [Lenet_RTL_test/lenet_conv1_only.cpp:131]   --->   Operation 71 'bitconcatenate' 'tmp_6' <Predicate = true> <Delay = 0.00>
ST_3 : Operation 72 [1/1] (0.00ns)   --->   "%zext_ln131_3 = zext i3 %tmp_6" [Lenet_RTL_test/lenet_conv1_only.cpp:131]   --->   Operation 72 'zext' 'zext_ln131_3' <Predicate = true> <Delay = 0.00>
ST_3 : Operation 73 [1/1] (1.82ns)   --->   "%sub_ln131 = sub i7 %zext_ln131, i7 %zext_ln131_3" [Lenet_RTL_test/lenet_conv1_only.cpp:131]   --->   Operation 73 'sub' 'sub_ln131' <Predicate = true> <Delay = 1.82> <CoreInst = "Adder">   --->   Core 1 'Adder' <Latency = 0> <II = 1> <Delay = 1.82> <FuncUnit> <Opcode : 'add' 'sub'> <InPorts = 2> <OutPorts = 1>
ST_3 : Operation 74 [1/1] (1.82ns)   --->   "%acc = mux i15 @_ssdm_op_Mux.ap_auto.4i15.i2, i15 3563, i15 32559, i15 23266, i15 23266, i2 %oc_1" [Lenet_RTL_test/lenet_conv1_only.cpp:117]   --->   Operation 74 'mux' 'acc' <Predicate = true> <Delay = 1.82> <CoreInst = "Multiplexer">   --->   Core 76 'Multiplexer' <Latency = 0> <II = 1> <Delay = 1.82> <FuncUnit> <Opcode : 'mux'> <InPorts = 2> <OutPorts = 1>
ST_3 : Operation 75 [1/2] (2.32ns)   --->   "%LENET_C1_W_0_0_0_load = load i2 %LENET_C1_W_0_0_0_addr" [Lenet_RTL_test/lenet_conv1_only.cpp:117]   --->   Operation 75 'load' 'LENET_C1_W_0_0_0_load' <Predicate = true> <Delay = 2.32> <CoreInst = "ROM">   --->   Core 95 'ROM' <Latency = 1> <II = 1> <Delay = 2.32> <Storage> <Opcode : 'load'> <Ports = 0> <Width = 7> <Depth = 3> <ROM>
ST_3 : Operation 76 [1/2] (2.32ns)   --->   "%LENET_C1_W_0_0_1_load = load i2 %LENET_C1_W_0_0_1_addr" [Lenet_RTL_test/lenet_conv1_only.cpp:117]   --->   Operation 76 'load' 'LENET_C1_W_0_0_1_load' <Predicate = true> <Delay = 2.32> <CoreInst = "ROM">   --->   Core 95 'ROM' <Latency = 1> <II = 1> <Delay = 2.32> <Storage> <Opcode : 'load'> <Ports = 0> <Width = 7> <Depth = 3> <ROM>
ST_3 : Operation 77 [1/2] (2.32ns)   --->   "%LENET_C1_W_0_0_2_load = load i2 %LENET_C1_W_0_0_2_addr" [Lenet_RTL_test/lenet_conv1_only.cpp:117]   --->   Operation 77 'load' 'LENET_C1_W_0_0_2_load' <Predicate = true> <Delay = 2.32> <CoreInst = "ROM">   --->   Core 95 'ROM' <Latency = 1> <II = 1> <Delay = 2.32> <Storage> <Opcode : 'load'> <Ports = 0> <Width = 8> <Depth = 3> <ROM>
ST_3 : Operation 78 [1/2] (2.32ns)   --->   "%LENET_C1_W_0_0_3_load = load i2 %LENET_C1_W_0_0_3_addr" [Lenet_RTL_test/lenet_conv1_only.cpp:117]   --->   Operation 78 'load' 'LENET_C1_W_0_0_3_load' <Predicate = true> <Delay = 2.32> <CoreInst = "ROM">   --->   Core 95 'ROM' <Latency = 1> <II = 1> <Delay = 2.32> <Storage> <Opcode : 'load'> <Ports = 0> <Width = 7> <Depth = 3> <ROM>
ST_3 : Operation 79 [1/2] (2.32ns)   --->   "%LENET_C1_W_0_0_4_load = load i2 %LENET_C1_W_0_0_4_addr" [Lenet_RTL_test/lenet_conv1_only.cpp:117]   --->   Operation 79 'load' 'LENET_C1_W_0_0_4_load' <Predicate = true> <Delay = 2.32> <CoreInst = "ROM">   --->   Core 95 'ROM' <Latency = 1> <II = 1> <Delay = 2.32> <Storage> <Opcode : 'load'> <Ports = 0> <Width = 8> <Depth = 3> <ROM>
ST_3 : Operation 80 [1/2] (2.32ns)   --->   "%LENET_C1_W_0_1_0_load = load i2 %LENET_C1_W_0_1_0_addr" [Lenet_RTL_test/lenet_conv1_only.cpp:117]   --->   Operation 80 'load' 'LENET_C1_W_0_1_0_load' <Predicate = true> <Delay = 2.32> <CoreInst = "ROM">   --->   Core 95 'ROM' <Latency = 1> <II = 1> <Delay = 2.32> <Storage> <Opcode : 'load'> <Ports = 0> <Width = 7> <Depth = 3> <ROM>
ST_3 : Operation 81 [1/2] (2.32ns)   --->   "%LENET_C1_W_0_1_1_load = load i2 %LENET_C1_W_0_1_1_addr" [Lenet_RTL_test/lenet_conv1_only.cpp:117]   --->   Operation 81 'load' 'LENET_C1_W_0_1_1_load' <Predicate = true> <Delay = 2.32> <CoreInst = "ROM">   --->   Core 95 'ROM' <Latency = 1> <II = 1> <Delay = 2.32> <Storage> <Opcode : 'load'> <Ports = 0> <Width = 6> <Depth = 3> <ROM>
ST_3 : Operation 82 [1/2] (2.32ns)   --->   "%LENET_C1_W_0_1_2_load = load i2 %LENET_C1_W_0_1_2_addr" [Lenet_RTL_test/lenet_conv1_only.cpp:117]   --->   Operation 82 'load' 'LENET_C1_W_0_1_2_load' <Predicate = true> <Delay = 2.32> <CoreInst = "ROM">   --->   Core 95 'ROM' <Latency = 1> <II = 1> <Delay = 2.32> <Storage> <Opcode : 'load'> <Ports = 0> <Width = 7> <Depth = 3> <ROM>
ST_3 : Operation 83 [1/2] (2.32ns)   --->   "%LENET_C1_W_0_1_3_load = load i2 %LENET_C1_W_0_1_3_addr" [Lenet_RTL_test/lenet_conv1_only.cpp:117]   --->   Operation 83 'load' 'LENET_C1_W_0_1_3_load' <Predicate = true> <Delay = 2.32> <CoreInst = "ROM">   --->   Core 95 'ROM' <Latency = 1> <II = 1> <Delay = 2.32> <Storage> <Opcode : 'load'> <Ports = 0> <Width = 8> <Depth = 3> <ROM>
ST_3 : Operation 84 [1/2] (2.32ns)   --->   "%LENET_C1_W_0_1_4_load = load i2 %LENET_C1_W_0_1_4_addr" [Lenet_RTL_test/lenet_conv1_only.cpp:117]   --->   Operation 84 'load' 'LENET_C1_W_0_1_4_load' <Predicate = true> <Delay = 2.32> <CoreInst = "ROM">   --->   Core 95 'ROM' <Latency = 1> <II = 1> <Delay = 2.32> <Storage> <Opcode : 'load'> <Ports = 0> <Width = 8> <Depth = 3> <ROM>
ST_3 : Operation 85 [1/2] (2.32ns)   --->   "%LENET_C1_W_0_2_0_load = load i2 %LENET_C1_W_0_2_0_addr" [Lenet_RTL_test/lenet_conv1_only.cpp:117]   --->   Operation 85 'load' 'LENET_C1_W_0_2_0_load' <Predicate = true> <Delay = 2.32> <CoreInst = "ROM">   --->   Core 95 'ROM' <Latency = 1> <II = 1> <Delay = 2.32> <Storage> <Opcode : 'load'> <Ports = 0> <Width = 7> <Depth = 3> <ROM>
ST_3 : Operation 86 [1/2] (2.32ns)   --->   "%LENET_C1_W_0_2_1_load = load i2 %LENET_C1_W_0_2_1_addr" [Lenet_RTL_test/lenet_conv1_only.cpp:117]   --->   Operation 86 'load' 'LENET_C1_W_0_2_1_load' <Predicate = true> <Delay = 2.32> <CoreInst = "ROM">   --->   Core 95 'ROM' <Latency = 1> <II = 1> <Delay = 2.32> <Storage> <Opcode : 'load'> <Ports = 0> <Width = 7> <Depth = 3> <ROM>
ST_3 : Operation 87 [1/2] (2.32ns)   --->   "%LENET_C1_W_0_2_2_load = load i2 %LENET_C1_W_0_2_2_addr" [Lenet_RTL_test/lenet_conv1_only.cpp:117]   --->   Operation 87 'load' 'LENET_C1_W_0_2_2_load' <Predicate = true> <Delay = 2.32> <CoreInst = "ROM">   --->   Core 95 'ROM' <Latency = 1> <II = 1> <Delay = 2.32> <Storage> <Opcode : 'load'> <Ports = 0> <Width = 8> <Depth = 3> <ROM>
ST_3 : Operation 88 [1/2] (2.32ns)   --->   "%LENET_C1_W_0_2_3_load = load i2 %LENET_C1_W_0_2_3_addr" [Lenet_RTL_test/lenet_conv1_only.cpp:117]   --->   Operation 88 'load' 'LENET_C1_W_0_2_3_load' <Predicate = true> <Delay = 2.32> <CoreInst = "ROM">   --->   Core 95 'ROM' <Latency = 1> <II = 1> <Delay = 2.32> <Storage> <Opcode : 'load'> <Ports = 0> <Width = 8> <Depth = 3> <ROM>
ST_3 : Operation 89 [1/2] (2.32ns)   --->   "%LENET_C1_W_0_2_4_load = load i2 %LENET_C1_W_0_2_4_addr" [Lenet_RTL_test/lenet_conv1_only.cpp:117]   --->   Operation 89 'load' 'LENET_C1_W_0_2_4_load' <Predicate = true> <Delay = 2.32> <CoreInst = "ROM">   --->   Core 95 'ROM' <Latency = 1> <II = 1> <Delay = 2.32> <Storage> <Opcode : 'load'> <Ports = 0> <Width = 8> <Depth = 3> <ROM>
ST_3 : Operation 90 [1/2] (2.32ns)   --->   "%LENET_C1_W_0_3_0_load = load i2 %LENET_C1_W_0_3_0_addr" [Lenet_RTL_test/lenet_conv1_only.cpp:117]   --->   Operation 90 'load' 'LENET_C1_W_0_3_0_load' <Predicate = true> <Delay = 2.32> <CoreInst = "ROM">   --->   Core 95 'ROM' <Latency = 1> <II = 1> <Delay = 2.32> <Storage> <Opcode : 'load'> <Ports = 0> <Width = 7> <Depth = 3> <ROM>
ST_3 : Operation 91 [1/2] (2.32ns)   --->   "%LENET_C1_W_0_3_1_load = load i2 %LENET_C1_W_0_3_1_addr" [Lenet_RTL_test/lenet_conv1_only.cpp:117]   --->   Operation 91 'load' 'LENET_C1_W_0_3_1_load' <Predicate = true> <Delay = 2.32> <CoreInst = "ROM">   --->   Core 95 'ROM' <Latency = 1> <II = 1> <Delay = 2.32> <Storage> <Opcode : 'load'> <Ports = 0> <Width = 8> <Depth = 3> <ROM>
ST_3 : Operation 92 [1/2] (2.32ns)   --->   "%LENET_C1_W_0_3_2_load = load i2 %LENET_C1_W_0_3_2_addr" [Lenet_RTL_test/lenet_conv1_only.cpp:117]   --->   Operation 92 'load' 'LENET_C1_W_0_3_2_load' <Predicate = true> <Delay = 2.32> <CoreInst = "ROM">   --->   Core 95 'ROM' <Latency = 1> <II = 1> <Delay = 2.32> <Storage> <Opcode : 'load'> <Ports = 0> <Width = 8> <Depth = 3> <ROM>
ST_3 : Operation 93 [1/2] (2.32ns)   --->   "%LENET_C1_W_0_3_3_load = load i2 %LENET_C1_W_0_3_3_addr" [Lenet_RTL_test/lenet_conv1_only.cpp:117]   --->   Operation 93 'load' 'LENET_C1_W_0_3_3_load' <Predicate = true> <Delay = 2.32> <CoreInst = "ROM">   --->   Core 95 'ROM' <Latency = 1> <II = 1> <Delay = 2.32> <Storage> <Opcode : 'load'> <Ports = 0> <Width = 8> <Depth = 3> <ROM>
ST_3 : Operation 94 [1/2] (2.32ns)   --->   "%LENET_C1_W_0_3_4_load = load i2 %LENET_C1_W_0_3_4_addr" [Lenet_RTL_test/lenet_conv1_only.cpp:117]   --->   Operation 94 'load' 'LENET_C1_W_0_3_4_load' <Predicate = true> <Delay = 2.32> <CoreInst = "ROM">   --->   Core 95 'ROM' <Latency = 1> <II = 1> <Delay = 2.32> <Storage> <Opcode : 'load'> <Ports = 0> <Width = 8> <Depth = 3> <ROM>
ST_3 : Operation 95 [1/2] (2.32ns)   --->   "%LENET_C1_W_0_4_0_load = load i2 %LENET_C1_W_0_4_0_addr" [Lenet_RTL_test/lenet_conv1_only.cpp:117]   --->   Operation 95 'load' 'LENET_C1_W_0_4_0_load' <Predicate = true> <Delay = 2.32> <CoreInst = "ROM">   --->   Core 95 'ROM' <Latency = 1> <II = 1> <Delay = 2.32> <Storage> <Opcode : 'load'> <Ports = 0> <Width = 8> <Depth = 3> <ROM>
ST_3 : Operation 96 [1/2] (2.32ns)   --->   "%LENET_C1_W_0_4_1_load = load i2 %LENET_C1_W_0_4_1_addr" [Lenet_RTL_test/lenet_conv1_only.cpp:117]   --->   Operation 96 'load' 'LENET_C1_W_0_4_1_load' <Predicate = true> <Delay = 2.32> <CoreInst = "ROM">   --->   Core 95 'ROM' <Latency = 1> <II = 1> <Delay = 2.32> <Storage> <Opcode : 'load'> <Ports = 0> <Width = 8> <Depth = 3> <ROM>
ST_3 : Operation 97 [1/2] (2.32ns)   --->   "%LENET_C1_W_0_4_2_load = load i2 %LENET_C1_W_0_4_2_addr" [Lenet_RTL_test/lenet_conv1_only.cpp:117]   --->   Operation 97 'load' 'LENET_C1_W_0_4_2_load' <Predicate = true> <Delay = 2.32> <CoreInst = "ROM">   --->   Core 95 'ROM' <Latency = 1> <II = 1> <Delay = 2.32> <Storage> <Opcode : 'load'> <Ports = 0> <Width = 7> <Depth = 3> <ROM>
ST_3 : Operation 98 [1/2] (2.32ns)   --->   "%LENET_C1_W_0_4_3_load = load i2 %LENET_C1_W_0_4_3_addr" [Lenet_RTL_test/lenet_conv1_only.cpp:117]   --->   Operation 98 'load' 'LENET_C1_W_0_4_3_load' <Predicate = true> <Delay = 2.32> <CoreInst = "ROM">   --->   Core 95 'ROM' <Latency = 1> <II = 1> <Delay = 2.32> <Storage> <Opcode : 'load'> <Ports = 0> <Width = 8> <Depth = 3> <ROM>
ST_3 : Operation 99 [1/2] (2.32ns)   --->   "%LENET_C1_W_0_4_4_load = load i2 %LENET_C1_W_0_4_4_addr" [Lenet_RTL_test/lenet_conv1_only.cpp:117]   --->   Operation 99 'load' 'LENET_C1_W_0_4_4_load' <Predicate = true> <Delay = 2.32> <CoreInst = "ROM">   --->   Core 95 'ROM' <Latency = 1> <II = 1> <Delay = 2.32> <Storage> <Opcode : 'load'> <Ports = 0> <Width = 8> <Depth = 3> <ROM>
ST_3 : Operation 100 [2/2] (0.00ns)   --->   "%call_ln131 = call void @conv1_pragma_Pipeline_VITIS_LOOP_118_2_VITIS_LOOP_119_3, i7 %sub_ln131, i8 %x, i8 %y_0, i8 %y_1, i8 %LENET_C1_W_0_4_0_load, i8 %LENET_C1_W_0_2_3_load, i7 %LENET_C1_W_0_4_2_load, i7 %LENET_C1_W_0_1_2_load, i8 %LENET_C1_W_0_1_3_load, i8 %LENET_C1_W_0_2_2_load, i8 %LENET_C1_W_0_3_3_load, i6 %LENET_C1_W_0_1_1_load, i7 %LENET_C1_W_0_0_0_load, i8 %LENET_C1_W_0_1_4_load, i8 %LENET_C1_W_0_4_3_load, i7 %LENET_C1_W_0_2_1_load, i7 %LENET_C1_W_0_1_0_load, i8 %LENET_C1_W_0_4_1_load, i7 %LENET_C1_W_0_0_1_load, i8 %LENET_C1_W_0_0_4_load, i8 %LENET_C1_W_0_3_4_load, i7 %LENET_C1_W_0_0_3_load, i7 %LENET_C1_W_0_2_0_load, i7 %LENET_C1_W_0_3_0_load, i8 %LENET_C1_W_0_3_1_load, i8 %LENET_C1_W_0_2_4_load, i8 %LENET_C1_W_0_0_2_load, i8 %LENET_C1_W_0_3_2_load, i8 %LENET_C1_W_0_4_4_load, i15 %acc" [Lenet_RTL_test/lenet_conv1_only.cpp:131]   --->   Operation 100 'call' 'call_ln131' <Predicate = true> <Delay = 0.00> <CoreType = "Generic">   --->   Core 0 '' <Latency = 0> <II = 1> <Delay = 1.00> <Generic> <Opcode : >

State 4 <SV = 3> <Delay = 0.00>
ST_4 : Operation 101 [1/1] (0.00ns)   --->   "%speclooptripcount_ln117 = speclooptripcount void @_ssdm_op_SpecLoopTripCount, i64 3, i64 3, i64 3" [Lenet_RTL_test/lenet_conv1_only.cpp:117]   --->   Operation 101 'speclooptripcount' 'speclooptripcount_ln117' <Predicate = true> <Delay = 0.00>
ST_4 : Operation 102 [1/1] (0.00ns)   --->   "%specloopname_ln117 = specloopname void @_ssdm_op_SpecLoopName, void @empty_4" [Lenet_RTL_test/lenet_conv1_only.cpp:117]   --->   Operation 102 'specloopname' 'specloopname_ln117' <Predicate = true> <Delay = 0.00>
ST_4 : Operation 103 [1/2] (0.00ns)   --->   "%call_ln131 = call void @conv1_pragma_Pipeline_VITIS_LOOP_118_2_VITIS_LOOP_119_3, i7 %sub_ln131, i8 %x, i8 %y_0, i8 %y_1, i8 %LENET_C1_W_0_4_0_load, i8 %LENET_C1_W_0_2_3_load, i7 %LENET_C1_W_0_4_2_load, i7 %LENET_C1_W_0_1_2_load, i8 %LENET_C1_W_0_1_3_load, i8 %LENET_C1_W_0_2_2_load, i8 %LENET_C1_W_0_3_3_load, i6 %LENET_C1_W_0_1_1_load, i7 %LENET_C1_W_0_0_0_load, i8 %LENET_C1_W_0_1_4_load, i8 %LENET_C1_W_0_4_3_load, i7 %LENET_C1_W_0_2_1_load, i7 %LENET_C1_W_0_1_0_load, i8 %LENET_C1_W_0_4_1_load, i7 %LENET_C1_W_0_0_1_load, i8 %LENET_C1_W_0_0_4_load, i8 %LENET_C1_W_0_3_4_load, i7 %LENET_C1_W_0_0_3_load, i7 %LENET_C1_W_0_2_0_load, i7 %LENET_C1_W_0_3_0_load, i8 %LENET_C1_W_0_3_1_load, i8 %LENET_C1_W_0_2_4_load, i8 %LENET_C1_W_0_0_2_load, i8 %LENET_C1_W_0_3_2_load, i8 %LENET_C1_W_0_4_4_load, i15 %acc" [Lenet_RTL_test/lenet_conv1_only.cpp:131]   --->   Operation 103 'call' 'call_ln131' <Predicate = true> <Delay = 0.00> <CoreType = "Generic">   --->   Core 0 '' <Latency = 0> <II = 1> <Delay = 1.00> <Generic> <Opcode : >
ST_4 : Operation 104 [1/1] (0.00ns)   --->   "%br_ln117 = br void %VITIS_LOOP_118_2" [Lenet_RTL_test/lenet_conv1_only.cpp:117]   --->   Operation 104 'br' 'br_ln117' <Predicate = true> <Delay = 0.00>


============================================================
+ Verbose Summary: Timing violations
============================================================
Target clock period: 10.000ns, clock uncertainty: 2.700ns.

 <State 1>: 1.588ns
The critical path consists of the following:
	'alloca' operation ('oc') [29]  (0.000 ns)
	'store' operation ('store_ln117', Lenet_RTL_test/lenet_conv1_only.cpp:117) of constant 0 on local variable 'oc' [34]  (1.588 ns)

 <State 2>: 3.153ns
The critical path consists of the following:
	'load' operation ('oc', Lenet_RTL_test/lenet_conv1_only.cpp:117) on local variable 'oc' [37]  (0.000 ns)
	'add' operation ('add_ln117', Lenet_RTL_test/lenet_conv1_only.cpp:117) [39]  (1.565 ns)
	'store' operation ('store_ln117', Lenet_RTL_test/lenet_conv1_only.cpp:117) of variable 'add_ln117', Lenet_RTL_test/lenet_conv1_only.cpp:117 on local variable 'oc' [102]  (1.588 ns)

 <State 3>: 2.322ns
The critical path consists of the following:
	'load' operation ('LENET_C1_W_0_0_0_load', Lenet_RTL_test/lenet_conv1_only.cpp:117) on array 'LENET_C1_W_0_0_0' [52]  (2.322 ns)

 <State 4>: 0.000ns
The critical path consists of the following:


============================================================
+ Verbose Summary: Binding
============================================================
N/A
* FSMD analyzer results:
  - Output states:
 - Input state : 
  - Chain level:
	State 1
	State 2
	State 3
	State 4


============================================================
+ Verbose Summary: Datapath Resource usage 
============================================================
N/A
