

================================================================
== Vitis HLS Report for 'top_A'
================================================================
* Date:           Mon Mar 16 13:32:09 2026

* Version:        2023.1 (Build 3854077 on May  4 2023)
* Project:        Lenet_RTL_test
* Solution:       solution1 (Vivado IP Flow Target)
* Product family: zynq
* Target device:  xc7z010-clg400-1


================================================================
== Performance Estimates
================================================================
+ Timing: 
    * Summary: 
    +--------+----------+----------+------------+
    |  Clock |  Target  | Estimated| Uncertainty|
    +--------+----------+----------+------------+
    |ap_clk  |  10.00 ns|  7.060 ns|     2.70 ns|
    +--------+----------+----------+------------+

+ Latency: 
    * Summary: 
    +---------+---------+----------+----------+-------+-------+---------+
    |  Latency (cycles) |  Latency (absolute) |    Interval   | Pipeline|
    |   min   |   max   |    min   |    max   |  min  |  max  |   Type  |
    +---------+---------+----------+----------+-------+-------+---------+
    |    18852|    18852|  0.189 ms|  0.189 ms|  18853|  18853|       no|
    +---------+---------+----------+----------+-------+-------+---------+

    + Detail: 
        * Instance: 
        N/A

        * Loop: 
        +------------------------------------------------------+---------+---------+----------+-----------+-----------+------+----------+
        |                                                      |  Latency (cycles) | Iteration|  Initiation Interval  | Trip |          |
        |                       Loop Name                      |   min   |   max   |  Latency |  achieved |   target  | Count| Pipelined|
        +------------------------------------------------------+---------+---------+----------+-----------+-----------+------+----------+
        |- VITIS_LOOP_140_1_VITIS_LOOP_141_2_VITIS_LOOP_142_3  |     1178|     1178|         5|          2|          2|   588|       yes|
        +------------------------------------------------------+---------+---------+----------+-----------+-----------+------+----------+

============================================================
+ Verbose Summary: Synthesis Manager
============================================================
InlineROM: 1
ExposeGlobal: 0
============================================================
+ Verbose Summary: CDFG Model
============================================================
IsTopModel: 1
ResetActiveHigh: 1
IsCombinational: 0
IsDatapathOnly: 0
HasWiredReturn: 1
HasMFsm: 2
HasVarLatency: 1
IsPipeline: 0
IsRtlPipelined: 0
IsInstanceOverlapped: 0
IsDontTouch: 0
HasImplIP: 0
IsGatedGlobalClock: 0

+ Individual pipeline summary: 
  * Pipeline-0: initiation interval (II) = 2, depth = 5


============================================================
+ Verbose Summary: Schedule
============================================================
* Number of FSM states : 8
* Pipeline : 1
  Pipeline-0 : II = 2, D = 5, States = { 3 4 5 6 7 }
* Dataflow Pipeline: 0

* FSM state transitions: 
1 --> 2 
2 --> 3 
3 --> 8 4 
4 --> 5 
5 --> 6 
6 --> 7 
7 --> 3 
8 --> 

* FSM state operations: 

State 1 <SV = 0> <Delay = 1.58>
ST_1 : Operation 9 [1/1] (0.00ns)   --->   "%ow = alloca i32 1"   --->   Operation 9 'alloca' 'ow' <Predicate = true> <Delay = 0.00>
ST_1 : Operation 10 [1/1] (0.00ns)   --->   "%oh = alloca i32 1"   --->   Operation 10 'alloca' 'oh' <Predicate = true> <Delay = 0.00>
ST_1 : Operation 11 [1/1] (0.00ns)   --->   "%indvar_flatten = alloca i32 1"   --->   Operation 11 'alloca' 'indvar_flatten' <Predicate = true> <Delay = 0.00>
ST_1 : Operation 12 [1/1] (0.00ns)   --->   "%c = alloca i32 1"   --->   Operation 12 'alloca' 'c' <Predicate = true> <Delay = 0.00>
ST_1 : Operation 13 [1/1] (0.00ns)   --->   "%indvar_flatten14 = alloca i32 1"   --->   Operation 13 'alloca' 'indvar_flatten14' <Predicate = true> <Delay = 0.00>
ST_1 : Operation 14 [1/1] (0.00ns)   --->   "%y1_0 = alloca i64 1"   --->   Operation 14 'alloca' 'y1_0' <Predicate = true> <Delay = 0.00> <CoreInst = "RAM_2P_BRAM">   --->   Core 91 'RAM_2P_BRAM' <Latency = 1> <II = 1> <Delay = 3.25> <Storage> <Opcode : 'load' 'store'> <Ports = 2> <Width = 8> <Depth = 1176> <RAM>
ST_1 : Operation 15 [1/1] (0.00ns)   --->   "%y1_1 = alloca i64 1"   --->   Operation 15 'alloca' 'y1_1' <Predicate = true> <Delay = 0.00> <CoreInst = "RAM_2P_BRAM">   --->   Core 91 'RAM_2P_BRAM' <Latency = 1> <II = 1> <Delay = 3.25> <Storage> <Opcode : 'load' 'store'> <Ports = 2> <Width = 8> <Depth = 1176> <RAM>
ST_1 : Operation 16 [2/2] (0.00ns)   --->   "%call_ln160 = call void @conv1_pragma, i8 %x, i8 %y1_0, i8 %y1_1, i7 %LENET_C1_W_0_0_0, i7 %LENET_C1_W_0_0_1, i8 %LENET_C1_W_0_0_2, i7 %LENET_C1_W_0_0_3, i8 %LENET_C1_W_0_0_4, i7 %LENET_C1_W_0_1_0, i6 %LENET_C1_W_0_1_1, i7 %LENET_C1_W_0_1_2, i8 %LENET_C1_W_0_1_3, i8 %LENET_C1_W_0_1_4, i7 %LENET_C1_W_0_2_0, i7 %LENET_C1_W_0_2_1, i8 %LENET_C1_W_0_2_2, i8 %LENET_C1_W_0_2_3, i8 %LENET_C1_W_0_2_4, i7 %LENET_C1_W_0_3_0, i8 %LENET_C1_W_0_3_1, i8 %LENET_C1_W_0_3_2, i8 %LENET_C1_W_0_3_3, i8 %LENET_C1_W_0_3_4, i8 %LENET_C1_W_0_4_0, i8 %LENET_C1_W_0_4_1, i7 %LENET_C1_W_0_4_2, i8 %LENET_C1_W_0_4_3, i8 %LENET_C1_W_0_4_4" [Lenet_RTL_test/lenet_conv1_only.cpp:160]   --->   Operation 16 'call' 'call_ln160' <Predicate = true> <Delay = 0.00> <CoreType = "Generic">   --->   Core 0 '' <Latency = 0> <II = 1> <Delay = 1.00> <Generic> <Opcode : >
ST_1 : Operation 17 [1/1] (1.58ns)   --->   "%store_ln140 = store i10 0, i10 %indvar_flatten14" [Lenet_RTL_test/lenet_conv1_only.cpp:140->Lenet_RTL_test/lenet_conv1_only.cpp:161]   --->   Operation 17 'store' 'store_ln140' <Predicate = true> <Delay = 1.58>
ST_1 : Operation 18 [1/1] (1.58ns)   --->   "%store_ln140 = store i2 0, i2 %c" [Lenet_RTL_test/lenet_conv1_only.cpp:140->Lenet_RTL_test/lenet_conv1_only.cpp:161]   --->   Operation 18 'store' 'store_ln140' <Predicate = true> <Delay = 1.58>
ST_1 : Operation 19 [1/1] (1.58ns)   --->   "%store_ln140 = store i8 0, i8 %indvar_flatten" [Lenet_RTL_test/lenet_conv1_only.cpp:140->Lenet_RTL_test/lenet_conv1_only.cpp:161]   --->   Operation 19 'store' 'store_ln140' <Predicate = true> <Delay = 1.58>
ST_1 : Operation 20 [1/1] (1.58ns)   --->   "%store_ln140 = store i4 0, i4 %oh" [Lenet_RTL_test/lenet_conv1_only.cpp:140->Lenet_RTL_test/lenet_conv1_only.cpp:161]   --->   Operation 20 'store' 'store_ln140' <Predicate = true> <Delay = 1.58>
ST_1 : Operation 21 [1/1] (1.58ns)   --->   "%store_ln140 = store i4 0, i4 %ow" [Lenet_RTL_test/lenet_conv1_only.cpp:140->Lenet_RTL_test/lenet_conv1_only.cpp:161]   --->   Operation 21 'store' 'store_ln140' <Predicate = true> <Delay = 1.58>

State 2 <SV = 1> <Delay = 0.00>
ST_2 : Operation 22 [1/1] (0.00ns)   --->   "%spectopmodule_ln156 = spectopmodule void @_ssdm_op_SpecTopModule, void @empty_0" [Lenet_RTL_test/lenet_conv1_only.cpp:156]   --->   Operation 22 'spectopmodule' 'spectopmodule_ln156' <Predicate = true> <Delay = 0.00>
ST_2 : Operation 23 [1/1] (0.00ns)   --->   "%specinterface_ln0 = specinterface void @_ssdm_op_SpecInterface, i8 %x, void @empty_3, i32 0, i32 0, void @empty_2, i32 4294967295, i32 0, void @empty_2, void @empty_2, void @empty_2, i32 0, i32 0, i32 0, i32 0, void @empty_2, void @empty_2, i32 4294967295, i32 0"   --->   Operation 23 'specinterface' 'specinterface_ln0' <Predicate = true> <Delay = 0.00>
ST_2 : Operation 24 [1/1] (0.00ns)   --->   "%specbitsmap_ln0 = specbitsmap void @_ssdm_op_SpecBitsMap, i8 %x"   --->   Operation 24 'specbitsmap' 'specbitsmap_ln0' <Predicate = true> <Delay = 0.00>
ST_2 : Operation 25 [1/1] (0.00ns)   --->   "%specinterface_ln0 = specinterface void @_ssdm_op_SpecInterface, i8 %p1, void @empty_3, i32 0, i32 0, void @empty_2, i32 4294967295, i32 0, void @empty_2, void @empty_2, void @empty_2, i32 0, i32 0, i32 0, i32 0, void @empty_2, void @empty_2, i32 4294967295, i32 0"   --->   Operation 25 'specinterface' 'specinterface_ln0' <Predicate = true> <Delay = 0.00>
ST_2 : Operation 26 [1/1] (0.00ns)   --->   "%specbitsmap_ln0 = specbitsmap void @_ssdm_op_SpecBitsMap, i8 %p1"   --->   Operation 26 'specbitsmap' 'specbitsmap_ln0' <Predicate = true> <Delay = 0.00>
ST_2 : Operation 27 [1/1] (0.00ns)   --->   "%specmemcore_ln159 = specmemcore void @_ssdm_op_SpecMemCore, i8 %y1_1, i64 666, i64 22, i64 18446744073709551615" [Lenet_RTL_test/lenet_conv1_only.cpp:159]   --->   Operation 27 'specmemcore' 'specmemcore_ln159' <Predicate = true> <Delay = 0.00>
ST_2 : Operation 28 [1/1] (0.00ns)   --->   "%specmemcore_ln159 = specmemcore void @_ssdm_op_SpecMemCore, i8 %y1_0, i64 666, i64 22, i64 18446744073709551615" [Lenet_RTL_test/lenet_conv1_only.cpp:159]   --->   Operation 28 'specmemcore' 'specmemcore_ln159' <Predicate = true> <Delay = 0.00>
ST_2 : Operation 29 [1/2] (0.00ns)   --->   "%call_ln160 = call void @conv1_pragma, i8 %x, i8 %y1_0, i8 %y1_1, i7 %LENET_C1_W_0_0_0, i7 %LENET_C1_W_0_0_1, i8 %LENET_C1_W_0_0_2, i7 %LENET_C1_W_0_0_3, i8 %LENET_C1_W_0_0_4, i7 %LENET_C1_W_0_1_0, i6 %LENET_C1_W_0_1_1, i7 %LENET_C1_W_0_1_2, i8 %LENET_C1_W_0_1_3, i8 %LENET_C1_W_0_1_4, i7 %LENET_C1_W_0_2_0, i7 %LENET_C1_W_0_2_1, i8 %LENET_C1_W_0_2_2, i8 %LENET_C1_W_0_2_3, i8 %LENET_C1_W_0_2_4, i7 %LENET_C1_W_0_3_0, i8 %LENET_C1_W_0_3_1, i8 %LENET_C1_W_0_3_2, i8 %LENET_C1_W_0_3_3, i8 %LENET_C1_W_0_3_4, i8 %LENET_C1_W_0_4_0, i8 %LENET_C1_W_0_4_1, i7 %LENET_C1_W_0_4_2, i8 %LENET_C1_W_0_4_3, i8 %LENET_C1_W_0_4_4" [Lenet_RTL_test/lenet_conv1_only.cpp:160]   --->   Operation 29 'call' 'call_ln160' <Predicate = true> <Delay = 0.00> <CoreType = "Generic">   --->   Core 0 '' <Latency = 0> <II = 1> <Delay = 1.00> <Generic> <Opcode : >
ST_2 : Operation 30 [1/1] (0.00ns)   --->   "%br_ln140 = br void %for.body8.i" [Lenet_RTL_test/lenet_conv1_only.cpp:140->Lenet_RTL_test/lenet_conv1_only.cpp:161]   --->   Operation 30 'br' 'br_ln140' <Predicate = true> <Delay = 0.00>

State 3 <SV = 2> <Delay = 4.75>
ST_3 : Operation 31 [1/1] (0.00ns)   --->   "%indvar_flatten14_load = load i10 %indvar_flatten14" [Lenet_RTL_test/lenet_conv1_only.cpp:140->Lenet_RTL_test/lenet_conv1_only.cpp:161]   --->   Operation 31 'load' 'indvar_flatten14_load' <Predicate = true> <Delay = 0.00>
ST_3 : Operation 32 [1/1] (1.73ns)   --->   "%icmp_ln140 = icmp_eq  i10 %indvar_flatten14_load, i10 588" [Lenet_RTL_test/lenet_conv1_only.cpp:140->Lenet_RTL_test/lenet_conv1_only.cpp:161]   --->   Operation 32 'icmp' 'icmp_ln140' <Predicate = true> <Delay = 1.73> <CoreInst = "Cmp">   --->   Core 9 'Cmp' <Latency = 0> <II = 1> <Delay = 1.73> <FuncUnit> <Opcode : 'icmp'> <InPorts = 2> <OutPorts = 1>
ST_3 : Operation 33 [1/1] (1.73ns)   --->   "%add_ln140_1 = add i10 %indvar_flatten14_load, i10 1" [Lenet_RTL_test/lenet_conv1_only.cpp:140->Lenet_RTL_test/lenet_conv1_only.cpp:161]   --->   Operation 33 'add' 'add_ln140_1' <Predicate = true> <Delay = 1.73> <CoreInst = "Adder">   --->   Core 1 'Adder' <Latency = 0> <II = 1> <Delay = 1.73> <FuncUnit> <Opcode : 'add' 'sub'> <InPorts = 2> <OutPorts = 1>
ST_3 : Operation 34 [1/1] (0.00ns)   --->   "%br_ln140 = br i1 %icmp_ln140, void %for.inc88.i, void %_Z15maxpool1_pragmaPA28_A28_KhPA14_A14_h.exit" [Lenet_RTL_test/lenet_conv1_only.cpp:140->Lenet_RTL_test/lenet_conv1_only.cpp:161]   --->   Operation 34 'br' 'br_ln140' <Predicate = true> <Delay = 0.00>
ST_3 : Operation 35 [1/1] (0.00ns)   --->   "%indvar_flatten_load = load i8 %indvar_flatten" [Lenet_RTL_test/lenet_conv1_only.cpp:141->Lenet_RTL_test/lenet_conv1_only.cpp:161]   --->   Operation 35 'load' 'indvar_flatten_load' <Predicate = (!icmp_ln140)> <Delay = 0.00>
ST_3 : Operation 36 [1/1] (1.91ns)   --->   "%icmp_ln141 = icmp_eq  i8 %indvar_flatten_load, i8 196" [Lenet_RTL_test/lenet_conv1_only.cpp:141->Lenet_RTL_test/lenet_conv1_only.cpp:161]   --->   Operation 36 'icmp' 'icmp_ln141' <Predicate = (!icmp_ln140)> <Delay = 1.91> <CoreInst = "Cmp">   --->   Core 9 'Cmp' <Latency = 0> <II = 1> <Delay = 1.91> <FuncUnit> <Opcode : 'icmp'> <InPorts = 2> <OutPorts = 1>
ST_3 : Operation 37 [1/1] (1.91ns)   --->   "%add_ln141_1 = add i8 %indvar_flatten_load, i8 1" [Lenet_RTL_test/lenet_conv1_only.cpp:141->Lenet_RTL_test/lenet_conv1_only.cpp:161]   --->   Operation 37 'add' 'add_ln141_1' <Predicate = (!icmp_ln140)> <Delay = 1.91> <CoreInst = "Adder">   --->   Core 1 'Adder' <Latency = 0> <II = 1> <Delay = 1.91> <FuncUnit> <Opcode : 'add' 'sub'> <InPorts = 2> <OutPorts = 1>
ST_3 : Operation 38 [1/1] (1.24ns)   --->   "%select_ln141_2 = select i1 %icmp_ln141, i8 1, i8 %add_ln141_1" [Lenet_RTL_test/lenet_conv1_only.cpp:141->Lenet_RTL_test/lenet_conv1_only.cpp:161]   --->   Operation 38 'select' 'select_ln141_2' <Predicate = (!icmp_ln140)> <Delay = 1.24> <CoreInst = "Sel">   --->   Core 73 'Sel' <Latency = 0> <II = 1> <Delay = 1.24> <FuncUnit> <Opcode : 'select'> <InPorts = 3> <OutPorts = 1>
ST_3 : Operation 39 [1/1] (1.58ns)   --->   "%store_ln142 = store i10 %add_ln140_1, i10 %indvar_flatten14" [Lenet_RTL_test/lenet_conv1_only.cpp:142->Lenet_RTL_test/lenet_conv1_only.cpp:161]   --->   Operation 39 'store' 'store_ln142' <Predicate = (!icmp_ln140)> <Delay = 1.58>
ST_3 : Operation 40 [1/1] (1.58ns)   --->   "%store_ln142 = store i8 %select_ln141_2, i8 %indvar_flatten" [Lenet_RTL_test/lenet_conv1_only.cpp:142->Lenet_RTL_test/lenet_conv1_only.cpp:161]   --->   Operation 40 'store' 'store_ln142' <Predicate = (!icmp_ln140)> <Delay = 1.58>

State 4 <SV = 3> <Delay = 7.06>
ST_4 : Operation 41 [1/1] (0.00ns)   --->   "%ow_load = load i4 %ow" [Lenet_RTL_test/lenet_conv1_only.cpp:142->Lenet_RTL_test/lenet_conv1_only.cpp:161]   --->   Operation 41 'load' 'ow_load' <Predicate = (!icmp_ln140)> <Delay = 0.00>
ST_4 : Operation 42 [1/1] (0.00ns)   --->   "%oh_load = load i4 %oh" [Lenet_RTL_test/lenet_conv1_only.cpp:140->Lenet_RTL_test/lenet_conv1_only.cpp:161]   --->   Operation 42 'load' 'oh_load' <Predicate = (!icmp_ln140 & !icmp_ln141)> <Delay = 0.00>
ST_4 : Operation 43 [1/1] (0.00ns)   --->   "%c_load = load i2 %c" [Lenet_RTL_test/lenet_conv1_only.cpp:140->Lenet_RTL_test/lenet_conv1_only.cpp:161]   --->   Operation 43 'load' 'c_load' <Predicate = (!icmp_ln140)> <Delay = 0.00>
ST_4 : Operation 44 [1/1] (1.56ns)   --->   "%add_ln140 = add i2 %c_load, i2 1" [Lenet_RTL_test/lenet_conv1_only.cpp:140->Lenet_RTL_test/lenet_conv1_only.cpp:161]   --->   Operation 44 'add' 'add_ln140' <Predicate = (!icmp_ln140 & icmp_ln141)> <Delay = 1.56> <CoreInst = "Adder">   --->   Core 1 'Adder' <Latency = 0> <II = 1> <Delay = 1.56> <FuncUnit> <Opcode : 'add' 'sub'> <InPorts = 2> <OutPorts = 1>
ST_4 : Operation 45 [1/1] (1.02ns)   --->   "%select_ln140 = select i1 %icmp_ln141, i4 0, i4 %oh_load" [Lenet_RTL_test/lenet_conv1_only.cpp:140->Lenet_RTL_test/lenet_conv1_only.cpp:161]   --->   Operation 45 'select' 'select_ln140' <Predicate = (!icmp_ln140)> <Delay = 1.02> <CoreInst = "Sel">   --->   Core 73 'Sel' <Latency = 0> <II = 1> <Delay = 1.02> <FuncUnit> <Opcode : 'select'> <InPorts = 3> <OutPorts = 1>
ST_4 : Operation 46 [1/1] (0.99ns)   --->   "%select_ln140_1 = select i1 %icmp_ln141, i2 %add_ln140, i2 %c_load" [Lenet_RTL_test/lenet_conv1_only.cpp:140->Lenet_RTL_test/lenet_conv1_only.cpp:161]   --->   Operation 46 'select' 'select_ln140_1' <Predicate = (!icmp_ln140)> <Delay = 0.99> <CoreInst = "Sel">   --->   Core 73 'Sel' <Latency = 0> <II = 1> <Delay = 0.99> <FuncUnit> <Opcode : 'select'> <InPorts = 3> <OutPorts = 1>
ST_4 : Operation 47 [1/1] (0.00ns)   --->   "%tmp = bitconcatenate i6 @_ssdm_op_BitConcatenate.i6.i2.i4, i2 %select_ln140_1, i4 0" [Lenet_RTL_test/lenet_conv1_only.cpp:150->Lenet_RTL_test/lenet_conv1_only.cpp:161]   --->   Operation 47 'bitconcatenate' 'tmp' <Predicate = (!icmp_ln140)> <Delay = 0.00>
ST_4 : Operation 48 [1/1] (0.00ns)   --->   "%zext_ln150 = zext i6 %tmp" [Lenet_RTL_test/lenet_conv1_only.cpp:150->Lenet_RTL_test/lenet_conv1_only.cpp:161]   --->   Operation 48 'zext' 'zext_ln150' <Predicate = (!icmp_ln140)> <Delay = 0.00>
ST_4 : Operation 49 [1/1] (0.00ns)   --->   "%tmp_1 = bitconcatenate i3 @_ssdm_op_BitConcatenate.i3.i2.i1, i2 %select_ln140_1, i1 0" [Lenet_RTL_test/lenet_conv1_only.cpp:150->Lenet_RTL_test/lenet_conv1_only.cpp:161]   --->   Operation 49 'bitconcatenate' 'tmp_1' <Predicate = (!icmp_ln140)> <Delay = 0.00>
ST_4 : Operation 50 [1/1] (0.00ns)   --->   "%zext_ln150_1 = zext i3 %tmp_1" [Lenet_RTL_test/lenet_conv1_only.cpp:150->Lenet_RTL_test/lenet_conv1_only.cpp:161]   --->   Operation 50 'zext' 'zext_ln150_1' <Predicate = (!icmp_ln140)> <Delay = 0.00>
ST_4 : Operation 51 [1/1] (1.82ns)   --->   "%sub_ln150 = sub i7 %zext_ln150, i7 %zext_ln150_1" [Lenet_RTL_test/lenet_conv1_only.cpp:150->Lenet_RTL_test/lenet_conv1_only.cpp:161]   --->   Operation 51 'sub' 'sub_ln150' <Predicate = (!icmp_ln140)> <Delay = 1.82> <CoreInst = "Adder">   --->   Core 1 'Adder' <Latency = 0> <II = 1> <Delay = 1.82> <FuncUnit> <Opcode : 'add' 'sub'> <InPorts = 2> <OutPorts = 1>
ST_4 : Operation 52 [1/1] (0.00ns)   --->   "%sext_ln141 = sext i7 %sub_ln150" [Lenet_RTL_test/lenet_conv1_only.cpp:141->Lenet_RTL_test/lenet_conv1_only.cpp:161]   --->   Operation 52 'sext' 'sext_ln141' <Predicate = (!icmp_ln140)> <Delay = 0.00>
ST_4 : Operation 53 [1/1] (0.00ns) (grouped into LUT with out node and_ln140)   --->   "%xor_ln140 = xor i1 %icmp_ln141, i1 1" [Lenet_RTL_test/lenet_conv1_only.cpp:140->Lenet_RTL_test/lenet_conv1_only.cpp:161]   --->   Operation 53 'xor' 'xor_ln140' <Predicate = (!icmp_ln140)> <Delay = 0.00> <CoreInst = "LogicGate">   --->   Core 74 'LogicGate' <Latency = 0> <II = 1> <Delay = 0.97> <FuncUnit> <Opcode : 'and' 'or' 'xor'> <InPorts = 2> <OutPorts = 1>
ST_4 : Operation 54 [1/1] (1.73ns)   --->   "%icmp_ln142 = icmp_eq  i4 %ow_load, i4 14" [Lenet_RTL_test/lenet_conv1_only.cpp:142->Lenet_RTL_test/lenet_conv1_only.cpp:161]   --->   Operation 54 'icmp' 'icmp_ln142' <Predicate = (!icmp_ln140)> <Delay = 1.73> <CoreInst = "Cmp">   --->   Core 9 'Cmp' <Latency = 0> <II = 1> <Delay = 1.73> <FuncUnit> <Opcode : 'icmp'> <InPorts = 2> <OutPorts = 1>
ST_4 : Operation 55 [1/1] (0.97ns) (out node of the LUT)   --->   "%and_ln140 = and i1 %icmp_ln142, i1 %xor_ln140" [Lenet_RTL_test/lenet_conv1_only.cpp:140->Lenet_RTL_test/lenet_conv1_only.cpp:161]   --->   Operation 55 'and' 'and_ln140' <Predicate = (!icmp_ln140)> <Delay = 0.97> <CoreInst = "LogicGate">   --->   Core 74 'LogicGate' <Latency = 0> <II = 1> <Delay = 0.97> <FuncUnit> <Opcode : 'and' 'or' 'xor'> <InPorts = 2> <OutPorts = 1>
ST_4 : Operation 56 [1/1] (1.73ns)   --->   "%add_ln141 = add i4 %select_ln140, i4 1" [Lenet_RTL_test/lenet_conv1_only.cpp:141->Lenet_RTL_test/lenet_conv1_only.cpp:161]   --->   Operation 56 'add' 'add_ln141' <Predicate = (!icmp_ln140)> <Delay = 1.73> <CoreInst = "Adder">   --->   Core 1 'Adder' <Latency = 0> <II = 1> <Delay = 1.73> <FuncUnit> <Opcode : 'add' 'sub'> <InPorts = 2> <OutPorts = 1>
ST_4 : Operation 57 [1/1] (0.00ns) (grouped into LUT with out node select_ln141)   --->   "%or_ln141 = or i1 %and_ln140, i1 %icmp_ln141" [Lenet_RTL_test/lenet_conv1_only.cpp:141->Lenet_RTL_test/lenet_conv1_only.cpp:161]   --->   Operation 57 'or' 'or_ln141' <Predicate = (!icmp_ln140)> <Delay = 0.00> <CoreInst = "LogicGate">   --->   Core 74 'LogicGate' <Latency = 0> <II = 1> <Delay = 0.97> <FuncUnit> <Opcode : 'and' 'or' 'xor'> <InPorts = 2> <OutPorts = 1>
ST_4 : Operation 58 [1/1] (1.02ns) (out node of the LUT)   --->   "%select_ln141 = select i1 %or_ln141, i4 0, i4 %ow_load" [Lenet_RTL_test/lenet_conv1_only.cpp:141->Lenet_RTL_test/lenet_conv1_only.cpp:161]   --->   Operation 58 'select' 'select_ln141' <Predicate = (!icmp_ln140)> <Delay = 1.02> <CoreInst = "Sel">   --->   Core 73 'Sel' <Latency = 0> <II = 1> <Delay = 1.02> <FuncUnit> <Opcode : 'select'> <InPorts = 3> <OutPorts = 1>
ST_4 : Operation 59 [1/1] (1.02ns)   --->   "%select_ln141_1 = select i1 %and_ln140, i4 %add_ln141, i4 %select_ln140" [Lenet_RTL_test/lenet_conv1_only.cpp:141->Lenet_RTL_test/lenet_conv1_only.cpp:161]   --->   Operation 59 'select' 'select_ln141_1' <Predicate = (!icmp_ln140)> <Delay = 1.02> <CoreInst = "Sel">   --->   Core 73 'Sel' <Latency = 0> <II = 1> <Delay = 1.02> <FuncUnit> <Opcode : 'select'> <InPorts = 3> <OutPorts = 1>
ST_4 : Operation 60 [1/1] (0.00ns)   --->   "%zext_ln150_2 = zext i4 %select_ln141_1" [Lenet_RTL_test/lenet_conv1_only.cpp:150->Lenet_RTL_test/lenet_conv1_only.cpp:161]   --->   Operation 60 'zext' 'zext_ln150_2' <Predicate = (!icmp_ln140)> <Delay = 0.00>
ST_4 : Operation 61 [1/1] (1.87ns)   --->   "%add_ln150 = add i8 %sext_ln141, i8 %zext_ln150_2" [Lenet_RTL_test/lenet_conv1_only.cpp:150->Lenet_RTL_test/lenet_conv1_only.cpp:161]   --->   Operation 61 'add' 'add_ln150' <Predicate = (!icmp_ln140)> <Delay = 1.87> <CoreInst = "Adder">   --->   Core 1 'Adder' <Latency = 0> <II = 1> <Delay = 1.87> <FuncUnit> <Opcode : 'add' 'sub'> <InPorts = 2> <OutPorts = 1>
ST_4 : Operation 62 [1/1] (0.00ns)   --->   "%trunc_ln150 = trunc i8 %add_ln150" [Lenet_RTL_test/lenet_conv1_only.cpp:150->Lenet_RTL_test/lenet_conv1_only.cpp:161]   --->   Operation 62 'trunc' 'trunc_ln150' <Predicate = (!icmp_ln140)> <Delay = 0.00>
ST_4 : Operation 63 [1/1] (1.73ns)   --->   "%add_ln142 = add i4 %select_ln141, i4 1" [Lenet_RTL_test/lenet_conv1_only.cpp:142->Lenet_RTL_test/lenet_conv1_only.cpp:161]   --->   Operation 63 'add' 'add_ln142' <Predicate = (!icmp_ln140)> <Delay = 1.73> <CoreInst = "Adder">   --->   Core 1 'Adder' <Latency = 0> <II = 1> <Delay = 1.73> <FuncUnit> <Opcode : 'add' 'sub'> <InPorts = 2> <OutPorts = 1>
ST_4 : Operation 64 [1/1] (1.58ns)   --->   "%store_ln142 = store i2 %select_ln140_1, i2 %c" [Lenet_RTL_test/lenet_conv1_only.cpp:142->Lenet_RTL_test/lenet_conv1_only.cpp:161]   --->   Operation 64 'store' 'store_ln142' <Predicate = (!icmp_ln140)> <Delay = 1.58>
ST_4 : Operation 65 [1/1] (1.58ns)   --->   "%store_ln142 = store i4 %select_ln141_1, i4 %oh" [Lenet_RTL_test/lenet_conv1_only.cpp:142->Lenet_RTL_test/lenet_conv1_only.cpp:161]   --->   Operation 65 'store' 'store_ln142' <Predicate = (!icmp_ln140)> <Delay = 1.58>
ST_4 : Operation 66 [1/1] (1.58ns)   --->   "%store_ln142 = store i4 %add_ln142, i4 %ow" [Lenet_RTL_test/lenet_conv1_only.cpp:142->Lenet_RTL_test/lenet_conv1_only.cpp:161]   --->   Operation 66 'store' 'store_ln142' <Predicate = (!icmp_ln140)> <Delay = 1.58>

State 5 <SV = 4> <Delay = 6.53>
ST_5 : Operation 67 [1/1] (0.00ns)   --->   "%p_shl2 = bitconcatenate i10 @_ssdm_op_BitConcatenate.i10.i6.i4, i6 %trunc_ln150, i4 0" [Lenet_RTL_test/lenet_conv1_only.cpp:150->Lenet_RTL_test/lenet_conv1_only.cpp:161]   --->   Operation 67 'bitconcatenate' 'p_shl2' <Predicate = true> <Delay = 0.00>
ST_5 : Operation 68 [1/1] (0.00ns)   --->   "%tmp_2 = bitconcatenate i9 @_ssdm_op_BitConcatenate.i9.i8.i1, i8 %add_ln150, i1 0" [Lenet_RTL_test/lenet_conv1_only.cpp:150->Lenet_RTL_test/lenet_conv1_only.cpp:161]   --->   Operation 68 'bitconcatenate' 'tmp_2' <Predicate = true> <Delay = 0.00>
ST_5 : Operation 69 [1/1] (0.00ns)   --->   "%sext_ln150 = sext i9 %tmp_2" [Lenet_RTL_test/lenet_conv1_only.cpp:150->Lenet_RTL_test/lenet_conv1_only.cpp:161]   --->   Operation 69 'sext' 'sext_ln150' <Predicate = true> <Delay = 0.00>
ST_5 : Operation 70 [1/1] (0.00ns) (grouped into TernaryAdder)   --->   "%sub_ln150_1 = sub i10 %p_shl2, i10 %sext_ln150" [Lenet_RTL_test/lenet_conv1_only.cpp:150->Lenet_RTL_test/lenet_conv1_only.cpp:161]   --->   Operation 70 'sub' 'sub_ln150_1' <Predicate = true> <Delay = 0.00> <CoreInst = "TAddSub">   --->   Core 10 'TAddSub' <Latency = 0> <II = 1> <Delay = 1.86> <IPBlock> <Opcode : '<invalid operator> ' 'add' 'sub'> <InPorts = 3> <OutPorts = 1> <Sync> <CReg>
ST_5 : Operation 71 [1/1] (0.00ns)   --->   "%p_shl = bitconcatenate i11 @_ssdm_op_BitConcatenate.i11.i6.i5, i6 %trunc_ln150, i5 0" [Lenet_RTL_test/lenet_conv1_only.cpp:146->Lenet_RTL_test/lenet_conv1_only.cpp:161]   --->   Operation 71 'bitconcatenate' 'p_shl' <Predicate = true> <Delay = 0.00>
ST_5 : Operation 72 [1/1] (0.00ns)   --->   "%tmp_3 = bitconcatenate i10 @_ssdm_op_BitConcatenate.i10.i8.i2, i8 %add_ln150, i2 0" [Lenet_RTL_test/lenet_conv1_only.cpp:146->Lenet_RTL_test/lenet_conv1_only.cpp:161]   --->   Operation 72 'bitconcatenate' 'tmp_3' <Predicate = true> <Delay = 0.00>
ST_5 : Operation 73 [1/1] (0.00ns)   --->   "%sext_ln146 = sext i10 %tmp_3" [Lenet_RTL_test/lenet_conv1_only.cpp:146->Lenet_RTL_test/lenet_conv1_only.cpp:161]   --->   Operation 73 'sext' 'sext_ln146' <Predicate = true> <Delay = 0.00>
ST_5 : Operation 74 [1/1] (1.63ns)   --->   "%sub_ln146 = sub i11 %p_shl, i11 %sext_ln146" [Lenet_RTL_test/lenet_conv1_only.cpp:146->Lenet_RTL_test/lenet_conv1_only.cpp:161]   --->   Operation 74 'sub' 'sub_ln146' <Predicate = true> <Delay = 1.63> <CoreInst = "Adder">   --->   Core 1 'Adder' <Latency = 0> <II = 1> <Delay = 1.63> <FuncUnit> <Opcode : 'add' 'sub'> <InPorts = 2> <OutPorts = 1>
ST_5 : Operation 75 [1/1] (0.00ns)   --->   "%zext_ln150_3 = zext i4 %select_ln141" [Lenet_RTL_test/lenet_conv1_only.cpp:150->Lenet_RTL_test/lenet_conv1_only.cpp:161]   --->   Operation 75 'zext' 'zext_ln150_3' <Predicate = true> <Delay = 0.00>
ST_5 : Operation 76 [1/1] (3.72ns) (root node of TernaryAdder)   --->   "%add_ln150_1 = add i10 %sub_ln150_1, i10 %zext_ln150_3" [Lenet_RTL_test/lenet_conv1_only.cpp:150->Lenet_RTL_test/lenet_conv1_only.cpp:161]   --->   Operation 76 'add' 'add_ln150_1' <Predicate = true> <Delay = 3.72> <CoreInst = "TAddSub">   --->   Core 10 'TAddSub' <Latency = 0> <II = 1> <Delay = 1.86> <IPBlock> <Opcode : '<invalid operator> ' 'add' 'sub'> <InPorts = 3> <OutPorts = 1> <Sync> <CReg>
ST_5 : Operation 77 [1/1] (0.00ns)   --->   "%shl_ln = bitconcatenate i5 @_ssdm_op_BitConcatenate.i5.i4.i1, i4 %select_ln141, i1 0" [Lenet_RTL_test/lenet_conv1_only.cpp:145->Lenet_RTL_test/lenet_conv1_only.cpp:161]   --->   Operation 77 'bitconcatenate' 'shl_ln' <Predicate = true> <Delay = 0.00>
ST_5 : Operation 78 [1/1] (0.00ns)   --->   "%zext_ln146 = zext i5 %shl_ln" [Lenet_RTL_test/lenet_conv1_only.cpp:146->Lenet_RTL_test/lenet_conv1_only.cpp:161]   --->   Operation 78 'zext' 'zext_ln146' <Predicate = true> <Delay = 0.00>
ST_5 : Operation 79 [1/1] (1.63ns)   --->   "%add_ln146 = add i11 %sub_ln146, i11 %zext_ln146" [Lenet_RTL_test/lenet_conv1_only.cpp:146->Lenet_RTL_test/lenet_conv1_only.cpp:161]   --->   Operation 79 'add' 'add_ln146' <Predicate = true> <Delay = 1.63> <CoreInst = "Adder">   --->   Core 1 'Adder' <Latency = 0> <II = 1> <Delay = 1.63> <FuncUnit> <Opcode : 'add' 'sub'> <InPorts = 2> <OutPorts = 1>
ST_5 : Operation 80 [1/1] (0.00ns)   --->   "%zext_ln146_1 = zext i11 %add_ln146" [Lenet_RTL_test/lenet_conv1_only.cpp:146->Lenet_RTL_test/lenet_conv1_only.cpp:161]   --->   Operation 80 'zext' 'zext_ln146_1' <Predicate = true> <Delay = 0.00>
ST_5 : Operation 81 [1/1] (0.00ns)   --->   "%y1_0_addr = getelementptr i8 %y1_0, i64 0, i64 %zext_ln146_1" [Lenet_RTL_test/lenet_conv1_only.cpp:146->Lenet_RTL_test/lenet_conv1_only.cpp:161]   --->   Operation 81 'getelementptr' 'y1_0_addr' <Predicate = true> <Delay = 0.00>
ST_5 : Operation 82 [1/1] (0.00ns)   --->   "%y1_1_addr = getelementptr i8 %y1_1, i64 0, i64 %zext_ln146_1" [Lenet_RTL_test/lenet_conv1_only.cpp:148->Lenet_RTL_test/lenet_conv1_only.cpp:161]   --->   Operation 82 'getelementptr' 'y1_1_addr' <Predicate = true> <Delay = 0.00>
ST_5 : Operation 83 [2/2] (3.25ns)   --->   "%y1_0_load = load i11 %y1_0_addr" [Lenet_RTL_test/lenet_conv1_only.cpp:146->Lenet_RTL_test/lenet_conv1_only.cpp:161]   --->   Operation 83 'load' 'y1_0_load' <Predicate = true> <Delay = 3.25> <CoreInst = "RAM_2P_BRAM">   --->   Core 91 'RAM_2P_BRAM' <Latency = 1> <II = 1> <Delay = 3.25> <Storage> <Opcode : 'load' 'store'> <Ports = 2> <Width = 8> <Depth = 1176> <RAM>
ST_5 : Operation 84 [1/1] (0.00ns) (grouped into LUT with out node add_ln146_1)   --->   "%or_ln146 = or i5 %shl_ln, i5 1" [Lenet_RTL_test/lenet_conv1_only.cpp:146->Lenet_RTL_test/lenet_conv1_only.cpp:161]   --->   Operation 84 'or' 'or_ln146' <Predicate = true> <Delay = 0.00>
ST_5 : Operation 85 [1/1] (0.00ns) (grouped into LUT with out node add_ln146_1)   --->   "%zext_ln146_2 = zext i5 %or_ln146" [Lenet_RTL_test/lenet_conv1_only.cpp:146->Lenet_RTL_test/lenet_conv1_only.cpp:161]   --->   Operation 85 'zext' 'zext_ln146_2' <Predicate = true> <Delay = 0.00>
ST_5 : Operation 86 [1/1] (1.63ns) (out node of the LUT)   --->   "%add_ln146_1 = add i11 %sub_ln146, i11 %zext_ln146_2" [Lenet_RTL_test/lenet_conv1_only.cpp:146->Lenet_RTL_test/lenet_conv1_only.cpp:161]   --->   Operation 86 'add' 'add_ln146_1' <Predicate = true> <Delay = 1.63> <CoreInst = "Adder">   --->   Core 1 'Adder' <Latency = 0> <II = 1> <Delay = 1.63> <FuncUnit> <Opcode : 'add' 'sub'> <InPorts = 2> <OutPorts = 1>
ST_5 : Operation 87 [1/1] (0.00ns)   --->   "%zext_ln146_3 = zext i11 %add_ln146_1" [Lenet_RTL_test/lenet_conv1_only.cpp:146->Lenet_RTL_test/lenet_conv1_only.cpp:161]   --->   Operation 87 'zext' 'zext_ln146_3' <Predicate = true> <Delay = 0.00>
ST_5 : Operation 88 [1/1] (0.00ns)   --->   "%y1_0_addr_1 = getelementptr i8 %y1_0, i64 0, i64 %zext_ln146_3" [Lenet_RTL_test/lenet_conv1_only.cpp:146->Lenet_RTL_test/lenet_conv1_only.cpp:161]   --->   Operation 88 'getelementptr' 'y1_0_addr_1' <Predicate = true> <Delay = 0.00>
ST_5 : Operation 89 [1/1] (0.00ns)   --->   "%y1_1_addr_1 = getelementptr i8 %y1_1, i64 0, i64 %zext_ln146_3" [Lenet_RTL_test/lenet_conv1_only.cpp:148->Lenet_RTL_test/lenet_conv1_only.cpp:161]   --->   Operation 89 'getelementptr' 'y1_1_addr_1' <Predicate = true> <Delay = 0.00>
ST_5 : Operation 90 [2/2] (3.25ns)   --->   "%y1_0_load_1 = load i11 %y1_0_addr_1" [Lenet_RTL_test/lenet_conv1_only.cpp:146->Lenet_RTL_test/lenet_conv1_only.cpp:161]   --->   Operation 90 'load' 'y1_0_load_1' <Predicate = true> <Delay = 3.25> <CoreInst = "RAM_2P_BRAM">   --->   Core 91 'RAM_2P_BRAM' <Latency = 1> <II = 1> <Delay = 3.25> <Storage> <Opcode : 'load' 'store'> <Ports = 2> <Width = 8> <Depth = 1176> <RAM>
ST_5 : Operation 91 [2/2] (3.25ns)   --->   "%y1_1_load = load i11 %y1_1_addr" [Lenet_RTL_test/lenet_conv1_only.cpp:148->Lenet_RTL_test/lenet_conv1_only.cpp:161]   --->   Operation 91 'load' 'y1_1_load' <Predicate = true> <Delay = 3.25> <CoreInst = "RAM_2P_BRAM">   --->   Core 91 'RAM_2P_BRAM' <Latency = 1> <II = 1> <Delay = 3.25> <Storage> <Opcode : 'load' 'store'> <Ports = 2> <Width = 8> <Depth = 1176> <RAM>
ST_5 : Operation 92 [2/2] (3.25ns)   --->   "%y1_1_load_1 = load i11 %y1_1_addr_1" [Lenet_RTL_test/lenet_conv1_only.cpp:148->Lenet_RTL_test/lenet_conv1_only.cpp:161]   --->   Operation 92 'load' 'y1_1_load_1' <Predicate = true> <Delay = 3.25> <CoreInst = "RAM_2P_BRAM">   --->   Core 91 'RAM_2P_BRAM' <Latency = 1> <II = 1> <Delay = 3.25> <Storage> <Opcode : 'load' 'store'> <Ports = 2> <Width = 8> <Depth = 1176> <RAM>

State 6 <SV = 5> <Delay = 6.41>
ST_6 : Operation 93 [1/2] (3.25ns)   --->   "%y1_0_load = load i11 %y1_0_addr" [Lenet_RTL_test/lenet_conv1_only.cpp:146->Lenet_RTL_test/lenet_conv1_only.cpp:161]   --->   Operation 93 'load' 'y1_0_load' <Predicate = true> <Delay = 3.25> <CoreInst = "RAM_2P_BRAM">   --->   Core 91 'RAM_2P_BRAM' <Latency = 1> <II = 1> <Delay = 3.25> <Storage> <Opcode : 'load' 'store'> <Ports = 2> <Width = 8> <Depth = 1176> <RAM>
ST_6 : Operation 94 [1/2] (3.25ns)   --->   "%y1_0_load_1 = load i11 %y1_0_addr_1" [Lenet_RTL_test/lenet_conv1_only.cpp:146->Lenet_RTL_test/lenet_conv1_only.cpp:161]   --->   Operation 94 'load' 'y1_0_load_1' <Predicate = true> <Delay = 3.25> <CoreInst = "RAM_2P_BRAM">   --->   Core 91 'RAM_2P_BRAM' <Latency = 1> <II = 1> <Delay = 3.25> <Storage> <Opcode : 'load' 'store'> <Ports = 2> <Width = 8> <Depth = 1176> <RAM>
ST_6 : Operation 95 [1/1] (1.91ns)   --->   "%icmp_ln146 = icmp_ugt  i8 %y1_0_load, i8 %y1_0_load_1" [Lenet_RTL_test/lenet_conv1_only.cpp:146->Lenet_RTL_test/lenet_conv1_only.cpp:161]   --->   Operation 95 'icmp' 'icmp_ln146' <Predicate = true> <Delay = 1.91> <CoreInst = "Cmp">   --->   Core 9 'Cmp' <Latency = 0> <II = 1> <Delay = 1.91> <FuncUnit> <Opcode : 'icmp'> <InPorts = 2> <OutPorts = 1>
ST_6 : Operation 96 [1/1] (1.24ns)   --->   "%m1 = select i1 %icmp_ln146, i8 %y1_0_load, i8 %y1_0_load_1" [Lenet_RTL_test/lenet_conv1_only.cpp:146->Lenet_RTL_test/lenet_conv1_only.cpp:161]   --->   Operation 96 'select' 'm1' <Predicate = true> <Delay = 1.24> <CoreInst = "Sel">   --->   Core 73 'Sel' <Latency = 0> <II = 1> <Delay = 1.24> <FuncUnit> <Opcode : 'select'> <InPorts = 3> <OutPorts = 1>
ST_6 : Operation 97 [1/2] (3.25ns)   --->   "%y1_1_load = load i11 %y1_1_addr" [Lenet_RTL_test/lenet_conv1_only.cpp:148->Lenet_RTL_test/lenet_conv1_only.cpp:161]   --->   Operation 97 'load' 'y1_1_load' <Predicate = true> <Delay = 3.25> <CoreInst = "RAM_2P_BRAM">   --->   Core 91 'RAM_2P_BRAM' <Latency = 1> <II = 1> <Delay = 3.25> <Storage> <Opcode : 'load' 'store'> <Ports = 2> <Width = 8> <Depth = 1176> <RAM>
ST_6 : Operation 98 [1/2] (3.25ns)   --->   "%y1_1_load_1 = load i11 %y1_1_addr_1" [Lenet_RTL_test/lenet_conv1_only.cpp:148->Lenet_RTL_test/lenet_conv1_only.cpp:161]   --->   Operation 98 'load' 'y1_1_load_1' <Predicate = true> <Delay = 3.25> <CoreInst = "RAM_2P_BRAM">   --->   Core 91 'RAM_2P_BRAM' <Latency = 1> <II = 1> <Delay = 3.25> <Storage> <Opcode : 'load' 'store'> <Ports = 2> <Width = 8> <Depth = 1176> <RAM>
ST_6 : Operation 99 [1/1] (1.91ns)   --->   "%icmp_ln148 = icmp_ugt  i8 %y1_1_load, i8 %y1_1_load_1" [Lenet_RTL_test/lenet_conv1_only.cpp:148->Lenet_RTL_test/lenet_conv1_only.cpp:161]   --->   Operation 99 'icmp' 'icmp_ln148' <Predicate = true> <Delay = 1.91> <CoreInst = "Cmp">   --->   Core 9 'Cmp' <Latency = 0> <II = 1> <Delay = 1.91> <FuncUnit> <Opcode : 'icmp'> <InPorts = 2> <OutPorts = 1>
ST_6 : Operation 100 [1/1] (1.24ns)   --->   "%m2 = select i1 %icmp_ln148, i8 %y1_1_load, i8 %y1_1_load_1" [Lenet_RTL_test/lenet_conv1_only.cpp:148->Lenet_RTL_test/lenet_conv1_only.cpp:161]   --->   Operation 100 'select' 'm2' <Predicate = true> <Delay = 1.24> <CoreInst = "Sel">   --->   Core 73 'Sel' <Latency = 0> <II = 1> <Delay = 1.24> <FuncUnit> <Opcode : 'select'> <InPorts = 3> <OutPorts = 1>

State 7 <SV = 6> <Delay = 6.41>
ST_7 : Operation 101 [1/1] (0.00ns)   --->   "%specloopname_ln0 = specloopname void @_ssdm_op_SpecLoopName, void @VITIS_LOOP_140_1_VITIS_LOOP_141_2_VITIS_LOOP_142_3_str"   --->   Operation 101 'specloopname' 'specloopname_ln0' <Predicate = true> <Delay = 0.00>
ST_7 : Operation 102 [1/1] (0.00ns)   --->   "%speclooptripcount_ln0 = speclooptripcount void @_ssdm_op_SpecLoopTripCount, i64 588, i64 588, i64 588"   --->   Operation 102 'speclooptripcount' 'speclooptripcount_ln0' <Predicate = true> <Delay = 0.00>
ST_7 : Operation 103 [1/1] (0.00ns)   --->   "%specloopname_ln0 = specloopname void @_ssdm_op_SpecLoopName, void @VITIS_LOOP_141_2_VITIS_LOOP_142_3_str"   --->   Operation 103 'specloopname' 'specloopname_ln0' <Predicate = true> <Delay = 0.00>
ST_7 : Operation 104 [1/1] (0.00ns)   --->   "%zext_ln150_4 = zext i10 %add_ln150_1" [Lenet_RTL_test/lenet_conv1_only.cpp:150->Lenet_RTL_test/lenet_conv1_only.cpp:161]   --->   Operation 104 'zext' 'zext_ln150_4' <Predicate = true> <Delay = 0.00>
ST_7 : Operation 105 [1/1] (0.00ns)   --->   "%p1_addr = getelementptr i8 %p1, i64 0, i64 %zext_ln150_4" [Lenet_RTL_test/lenet_conv1_only.cpp:150->Lenet_RTL_test/lenet_conv1_only.cpp:161]   --->   Operation 105 'getelementptr' 'p1_addr' <Predicate = true> <Delay = 0.00>
ST_7 : Operation 106 [1/1] (0.00ns)   --->   "%specpipeline_ln143 = specpipeline void @_ssdm_op_SpecPipeline, i32 2, i32 0, i32 0, i32 0, void @empty_2" [Lenet_RTL_test/lenet_conv1_only.cpp:143->Lenet_RTL_test/lenet_conv1_only.cpp:161]   --->   Operation 106 'specpipeline' 'specpipeline_ln143' <Predicate = true> <Delay = 0.00>
ST_7 : Operation 107 [1/1] (0.00ns)   --->   "%specloopname_ln142 = specloopname void @_ssdm_op_SpecLoopName, void @empty" [Lenet_RTL_test/lenet_conv1_only.cpp:142->Lenet_RTL_test/lenet_conv1_only.cpp:161]   --->   Operation 107 'specloopname' 'specloopname_ln142' <Predicate = true> <Delay = 0.00>
ST_7 : Operation 108 [1/1] (1.91ns)   --->   "%icmp_ln150 = icmp_ugt  i8 %m1, i8 %m2" [Lenet_RTL_test/lenet_conv1_only.cpp:150->Lenet_RTL_test/lenet_conv1_only.cpp:161]   --->   Operation 108 'icmp' 'icmp_ln150' <Predicate = true> <Delay = 1.91> <CoreInst = "Cmp">   --->   Core 9 'Cmp' <Latency = 0> <II = 1> <Delay = 1.91> <FuncUnit> <Opcode : 'icmp'> <InPorts = 2> <OutPorts = 1>
ST_7 : Operation 109 [1/1] (1.24ns)   --->   "%select_ln150 = select i1 %icmp_ln150, i8 %m1, i8 %m2" [Lenet_RTL_test/lenet_conv1_only.cpp:150->Lenet_RTL_test/lenet_conv1_only.cpp:161]   --->   Operation 109 'select' 'select_ln150' <Predicate = true> <Delay = 1.24> <CoreInst = "Sel">   --->   Core 73 'Sel' <Latency = 0> <II = 1> <Delay = 1.24> <FuncUnit> <Opcode : 'select'> <InPorts = 3> <OutPorts = 1>
ST_7 : Operation 110 [1/1] (3.25ns)   --->   "%store_ln150 = store i8 %select_ln150, i10 %p1_addr" [Lenet_RTL_test/lenet_conv1_only.cpp:150->Lenet_RTL_test/lenet_conv1_only.cpp:161]   --->   Operation 110 'store' 'store_ln150' <Predicate = true> <Delay = 3.25> <CoreInst = "RAM">   --->   Core 82 'RAM' <Latency = 1> <II = 1> <Delay = 3.25> <Storage> <Opcode : 'load' 'store'> <Ports = 2> <Width = 8> <Depth = 588> <RAM>
ST_7 : Operation 111 [1/1] (0.00ns)   --->   "%br_ln142 = br void %for.body8.i" [Lenet_RTL_test/lenet_conv1_only.cpp:142->Lenet_RTL_test/lenet_conv1_only.cpp:161]   --->   Operation 111 'br' 'br_ln142' <Predicate = true> <Delay = 0.00>

State 8 <SV = 3> <Delay = 0.00>
ST_8 : Operation 112 [1/1] (0.00ns)   --->   "%ret_ln162 = ret" [Lenet_RTL_test/lenet_conv1_only.cpp:162]   --->   Operation 112 'ret' 'ret_ln162' <Predicate = true> <Delay = 0.00>


============================================================
+ Verbose Summary: Timing violations
============================================================
Target clock period: 10.000ns, clock uncertainty: 2.700ns.

 <State 1>: 1.588ns
The critical path consists of the following:
	'alloca' operation ('indvar_flatten14') [32]  (0.000 ns)
	'store' operation ('store_ln140', Lenet_RTL_test/lenet_conv1_only.cpp:140->Lenet_RTL_test/lenet_conv1_only.cpp:161) of constant 0 on local variable 'indvar_flatten14' [43]  (1.588 ns)

 <State 2>: 0.000ns
The critical path consists of the following:

 <State 3>: 4.751ns
The critical path consists of the following:
	'load' operation ('indvar_flatten_load', Lenet_RTL_test/lenet_conv1_only.cpp:141->Lenet_RTL_test/lenet_conv1_only.cpp:161) on local variable 'indvar_flatten' [57]  (0.000 ns)
	'add' operation ('add_ln141_1', Lenet_RTL_test/lenet_conv1_only.cpp:141->Lenet_RTL_test/lenet_conv1_only.cpp:161) [120]  (1.915 ns)
	'select' operation ('select_ln141_2', Lenet_RTL_test/lenet_conv1_only.cpp:141->Lenet_RTL_test/lenet_conv1_only.cpp:161) [121]  (1.248 ns)
	'store' operation ('store_ln142', Lenet_RTL_test/lenet_conv1_only.cpp:142->Lenet_RTL_test/lenet_conv1_only.cpp:161) of variable 'select_ln141_2', Lenet_RTL_test/lenet_conv1_only.cpp:141->Lenet_RTL_test/lenet_conv1_only.cpp:161 on local variable 'indvar_flatten' [124]  (1.588 ns)

 <State 4>: 7.060ns
The critical path consists of the following:
	'load' operation ('ow_load', Lenet_RTL_test/lenet_conv1_only.cpp:142->Lenet_RTL_test/lenet_conv1_only.cpp:161) on local variable 'ow' [55]  (0.000 ns)
	'icmp' operation ('icmp_ln142', Lenet_RTL_test/lenet_conv1_only.cpp:142->Lenet_RTL_test/lenet_conv1_only.cpp:161) [72]  (1.735 ns)
	'and' operation ('and_ln140', Lenet_RTL_test/lenet_conv1_only.cpp:140->Lenet_RTL_test/lenet_conv1_only.cpp:161) [73]  (0.978 ns)
	'or' operation ('or_ln141', Lenet_RTL_test/lenet_conv1_only.cpp:141->Lenet_RTL_test/lenet_conv1_only.cpp:161) [76]  (0.000 ns)
	'select' operation ('select_ln141', Lenet_RTL_test/lenet_conv1_only.cpp:141->Lenet_RTL_test/lenet_conv1_only.cpp:161) [77]  (1.024 ns)
	'add' operation ('add_ln142', Lenet_RTL_test/lenet_conv1_only.cpp:142->Lenet_RTL_test/lenet_conv1_only.cpp:161) [119]  (1.735 ns)
	'store' operation ('store_ln142', Lenet_RTL_test/lenet_conv1_only.cpp:142->Lenet_RTL_test/lenet_conv1_only.cpp:161) of variable 'add_ln142', Lenet_RTL_test/lenet_conv1_only.cpp:142->Lenet_RTL_test/lenet_conv1_only.cpp:161 on local variable 'ow' [126]  (1.588 ns)

 <State 5>: 6.532ns
The critical path consists of the following:
	'sub' operation ('sub_ln146', Lenet_RTL_test/lenet_conv1_only.cpp:146->Lenet_RTL_test/lenet_conv1_only.cpp:161) [89]  (1.639 ns)
	'add' operation ('add_ln146', Lenet_RTL_test/lenet_conv1_only.cpp:146->Lenet_RTL_test/lenet_conv1_only.cpp:161) [98]  (1.639 ns)
	'getelementptr' operation ('y1_0_addr', Lenet_RTL_test/lenet_conv1_only.cpp:146->Lenet_RTL_test/lenet_conv1_only.cpp:161) [100]  (0.000 ns)
	'load' operation ('y1_0_load', Lenet_RTL_test/lenet_conv1_only.cpp:146->Lenet_RTL_test/lenet_conv1_only.cpp:161) on array 'y1_0' [102]  (3.254 ns)

 <State 6>: 6.417ns
The critical path consists of the following:
	'load' operation ('y1_0_load', Lenet_RTL_test/lenet_conv1_only.cpp:146->Lenet_RTL_test/lenet_conv1_only.cpp:161) on array 'y1_0' [102]  (3.254 ns)
	'icmp' operation ('icmp_ln146', Lenet_RTL_test/lenet_conv1_only.cpp:146->Lenet_RTL_test/lenet_conv1_only.cpp:161) [110]  (1.915 ns)
	'select' operation ('m1', Lenet_RTL_test/lenet_conv1_only.cpp:146->Lenet_RTL_test/lenet_conv1_only.cpp:161) [111]  (1.248 ns)

 <State 7>: 6.417ns
The critical path consists of the following:
	'icmp' operation ('icmp_ln150', Lenet_RTL_test/lenet_conv1_only.cpp:150->Lenet_RTL_test/lenet_conv1_only.cpp:161) [116]  (1.915 ns)
	'select' operation ('select_ln150', Lenet_RTL_test/lenet_conv1_only.cpp:150->Lenet_RTL_test/lenet_conv1_only.cpp:161) [117]  (1.248 ns)
	'store' operation ('store_ln150', Lenet_RTL_test/lenet_conv1_only.cpp:150->Lenet_RTL_test/lenet_conv1_only.cpp:161) of variable 'select_ln150', Lenet_RTL_test/lenet_conv1_only.cpp:150->Lenet_RTL_test/lenet_conv1_only.cpp:161 on array 'p1' [118]  (3.254 ns)

 <State 8>: 0.000ns
The critical path consists of the following:


============================================================
+ Verbose Summary: Binding
============================================================
N/A
* FSMD analyzer results:
  - Output states:
 - Input state : 
  - Chain level:
	State 1
	State 2
	State 3
	State 4
	State 5
	State 6
	State 7
	State 8


============================================================
+ Verbose Summary: Datapath Resource usage 
============================================================
N/A
